Creating test database for alias 'default'...
F
======================================================================
FAIL: test_corporate_number_filtering (apps.contract.tests.test_employment_conditions_confirm_flow.EmploymentConditionsConfirmFlowTest.test_corporate_number_filtering)
法人番号による絞り込みのテスト
----------------------------------------------------------------------
Traceback (most recent call last):
  File "/app/apps/contract/tests/test_employment_conditions_confirm_flow.py", line 473, in test_corporate_number_filtering
    self.assertContains(response, 'テストスタッフ契約')
AssertionError: False is not true : Couldn't find 'テストスタッフ契約' in the following response
b'<!-- templates/common/base.html -->\n\n\n\n\n<!DOCTYPE html>\n<html lang="ja">\n<head>\n  <meta charset="UTF-8">\n  <meta name="viewport" content="width=device-width, initial-scale=1.0">\n    <title>None</title>\n    <!-- Bootstrap CSS -->\n    <link href="/static/css/simplex/bootstrap.min.css" rel="stylesheet">\n    <!-- Bootswatch\xe3\x81\xaeCSS -->\n    <!-- Bootstrap Icons -->\n    <link href="https://cdnjs.cloudflare.com/ajax/libs/bootstrap-icons/1.11.0/font/bootstrap-icons.min.css" rel="stylesheet">\n    <style>\n        /* \xe5\x85\xa8\xe4\xbd\x93\xe3\x82\xb9\xe3\x82\xbf\xe3\x82\xa4\xe3\x83\xab */\n        html {\n            font-size: 14px; /* settings.py\xe3\x81\xa7\xe7\xae\xa1\xe7\x90\x86 */\n        }\n        body {\n            background-color: #f0f0f0;\n            font-family: "Hiragino Kaku Gothic ProN", "Hiragino Sans", Meiryo, sans-serif;\n        }\n        /* \xe3\x83\x98\xe3\x83\x83\xe3\x83\x80\xe3\x82\xb9\xe3\x82\xbf\xe3\x82\xa4\xe3\x83\xab */\n        .header {\n            position: fixed;\n            top: 0;\n            width: 100%;\n            height: 70px;\n            background-color: #ffffff;\n            border-bottom: 1px solid #e0e0e0;\n            border-top: 1px solid #e0e0e0;\n            display: flex;\n            justify-content: space-between;\n            align-items: center;\n            padding: 0 20px;\n            z-index: 1000;\n            box-shadow: 0 0px 8px rgba(0, 0, 0, 0.1); /* \xe5\xb0\x8f\xe3\x81\x95\xe3\x81\x84\xe5\xbd\xb1\xe3\x82\x92\xe8\xbf\xbd\xe5\x8a\xa0 */\n            }\n/* \xe3\x83\x9c\xe3\x82\xbf\xe3\x83\xb3\xe5\x85\xa8\xe4\xbd\x93\xe3\x81\xae\xe3\x82\xb9\xe3\x82\xbf\xe3\x82\xa4\xe3\x83\xab */\n.header .btn {\n    background-color: #f0f0f0; /* \xe5\x88\x9d\xe6\x9c\x9f\xe7\x8a\xb6\xe6\x85\x8b\xe3\x81\xae\xe8\x83\x8c\xe6\x99\xaf\xe8\x89\xb2 */\n    border: none; /* \xe3\x83\x9c\xe3\x83\xbc\xe3\x83\x80\xe3\x83\xbc\xe3\x82\x92\xe5\x89\x8a\xe9\x99\xa4 */\n    border-radius: 10px;\n    color: #000;\n    padding: 8px; /* \xe3\x83\x9c\xe3\x82\xbf\xe3\x83\xb3\xe5\x86\x85\xe3\x81\xae\xe4\xbd\x99\xe7\x99\xbd\xe3\x82\x92\xe6\x9c\x80\xe5\xb0\x8f\xe9\x99\x90\xe3\x81\xab */\n    width: 40px; /* \xe6\x98\x8e\xe7\xa4\xba\xe7\x9a\x84\xe3\x81\xab\xe3\x83\x9c\xe3\x82\xbf\xe3\x83\xb3\xe3\x81\xae\xe5\xb9\x85\xe3\x82\x92\xe6\x8c\x87\xe5\xae\x9a */\n    height: 40px; /* \xe6\x98\x8e\xe7\xa4\xba\xe7\x9a\x84\xe3\x81\xab\xe3\x83\x9c\xe3\x82\xbf\xe3\x83\xb3\xe3\x81\xae\xe9\xab\x98\xe3\x81\x95\xe3\x82\x92\xe6\x8c\x87\xe5\xae\x9a */\n    display: flex;\n    justify-content: center;\n    align-items: center;\n    transition: background-color 0.3s; /* \xe8\x83\x8c\xe6\x99\xaf\xe8\x89\xb2\xe3\x81\xae\xe5\xa4\x89\xe5\x8c\x96\xe3\x82\x92\xe6\xbb\x91\xe3\x82\x89\xe3\x81\x8b\xe3\x81\xab */\n}\n\n/* \xe3\x83\x9e\xe3\x82\xa6\xe3\x82\xb9\xe3\x82\xaa\xe3\x83\xbc\xe3\x83\x90\xe3\x83\xbc\xe6\x99\x82\xe3\x81\xae\xe8\x83\x8c\xe6\x99\xaf\xe8\x89\xb2\xe5\xa4\x89\xe6\x9b\xb4 */\n.header .btn:hover {\n    background-color: #e0e0e0;\n}\n\n/* \xe3\x82\xa2\xe3\x82\xa4\xe3\x82\xb3\xe3\x83\xb3\xe3\x81\xae\xe3\x82\xb9\xe3\x82\xbf\xe3\x82\xa4\xe3\x83\xab */\n.header .btn i {\n    font-size: 1.5rem; /* 24px - \xe3\x82\xa2\xe3\x82\xa4\xe3\x82\xb3\xe3\x83\xb3\xe3\x81\xae\xe5\xa4\xa7\xe3\x81\x8d\xe3\x81\x95\xe3\x82\x92\xe8\xaa\xbf\xe6\x95\xb4 */\n    display: flex;\n    justify-content: center;\n    align-items: center;\n}\n        .header .left-section {\n            display: flex;\n            align-items: center;\n            gap: 20px;\n        }\n        .header .menu-toggle {\n            font-size: 1.5rem; /* 24px */\n            cursor: pointer;\n        }\n        .header .logo {\n            font-weight: bold;\n            font-size: 1.125rem; /* 18px */\n        }\n        .header .system-title, .header .current-menu {\n            font-size: 1rem; /* 16px */\n            margin-left: 60px;\n            font-weight: bold;\n        }\n        .header .current-menu {\n            display: flex;\n            align-items: center;\n        }\n        .header .current-menu i {\n            margin-right: 8px;\n            font-size: 1.25rem; /* 20px */\n            color: #28a745;\n        }\n        .header .icons {\n            display: flex;\n            gap: 10px;\n        }\n        .header .icons i {\n            cursor: pointer;\n            background-color: #f0f0f0;\n            padding: 8px;\n            border-radius: 10px;\n            color: #000;\n            width: 40px;\n            height: 40px;\n            display: flex;\n            justify-content: center;\n            align-items: center;\n            font-size: 1.5rem; /* 24px */\n            box-shadow: 0 1px 2px rgba(0, 0, 0, 0.2);\n        }\n        /* \xe3\x83\x9e\xe3\x82\xa6\xe3\x82\xb9\xe3\x82\xaa\xe3\x83\xbc\xe3\x83\x90\xe3\x83\xbc\xe6\x99\x82\xe3\x81\xae\xe8\x83\x8c\xe6\x99\xaf\xe8\x89\xb2\xe5\xa4\x89\xe6\x9b\xb4 */\n.header .icons i:hover {\n    background-color: #e0e0e0;\n    transition: background-color 0.3s; /* \xe8\x83\x8c\xe6\x99\xaf\xe8\x89\xb2\xe3\x81\xae\xe5\xa4\x89\xe5\x8c\x96\xe3\x82\x92\xe6\xbb\x91\xe3\x82\x89\xe3\x81\x8b\xe3\x81\xab */\n}\n        /* \xe3\x83\x8f\xe3\x83\xb3\xe3\x83\x90\xe3\x83\xbc\xe3\x82\xac\xe3\x83\xbc\xe3\x83\xa1\xe3\x83\x8b\xe3\x83\xa5\xe3\x83\xbc\xe3\x81\xae\xe5\xbd\xb1 */\n        .header .left-section .btn  {\n            box-shadow: 0 1px 2px rgba(0, 0, 0, 0.2);\n        }\n    .sidebar {\n      height: calc(100vh - 70px);\n      position: fixed;\n      top: 70px; /* Adjust top value to account for the fixed header */\n      background-color: #f8f9fa;\n      padding-top: 0px;\n      overflow-y: auto;\n      /* For Firefox scrollbar styling */\n      scrollbar-width: thin;\n      scrollbar-color: #dcdcdc #f8f9fa;\n    }\n\n    /* Sidebar scrollbar styling for WebKit browsers */\n    .sidebar::-webkit-scrollbar {\n        width: 8px;\n    }\n    .sidebar::-webkit-scrollbar-track {\n        background: #f8f9fa;\n    }\n    .sidebar::-webkit-scrollbar-thumb {\n        background: #dcdcdc;\n        border-radius: 4px;\n    }\n    .sidebar::-webkit-scrollbar-thumb:hover {\n        background: #c8c8c8;\n    }\n        .sidebar .nav-link {\n            padding: 10px 20px;\n            display: flex;\n            align-items: center;\n            justify-content: space-between;\n            font-size: 0.875rem; /* 14px */\n            color: #000;\n            border-bottom: 1px solid #eee;\n        }\n        .sidebar .nav-link i {\n            font-size: 1.25rem; /* 20px */\n        }\n        .sidebar .nav-link .menu-name {\n            flex-grow: 1;\n            margin-left: 10px;\n        }\n        .sidebar .nav-link .badge {\n            margin-left: auto;\n        }\n        .sidebar .nav-link.active, .sidebar .nav-link:hover {\n            background-color: #f0f0f0;\n        }\n        .sidebar .nav-link.active > i {\n            color: #28a745; /* \xe9\x81\xb8\xe6\x8a\x9e\xe3\x81\x95\xe3\x82\x8c\xe3\x81\x9f\xe3\x83\xa1\xe3\x83\x8b\xe3\x83\xa5\xe3\x83\xbc\xe3\x82\xa2\xe3\x82\xa4\xe3\x82\xb3\xe3\x83\xb3\xe3\x81\xae\xe8\x89\xb2 */\n        }\n    .offcanvas-body {\n      padding-top: 0px; /* Adjust padding to account for fixed header */\n      padding-left: 0px;\n      padding-right: 0px;\n    }\n        .offcanvas-body .nav-link {\n            padding: 10px 20px;\n            display: flex;\n            align-items: center;\n            justify-content: space-between;\n            font-size: 0.875rem; /* 14px */\n            color: #000;\n            border-bottom: 1px solid #eee;\n        }\n        .offcanvas-body .nav-link i {\n            font-size: 1.25rem; /* 20px */\n        }\n        .offcanvas-body .nav-link .menu-name {\n            flex-grow: 1;\n            margin-left: 10px;\n        }\n        .offcanvas-body .nav-link .badge {\n            margin-left: auto;\n        }\n        .offcanvas-body .nav-link.active, .offcanvas-body .nav-link:hover {\n            background-color: #f0f0f0;\n        }\n        .offcanvas-body .nav-link.active i {\n            color: #28a745; /* \xe9\x81\xb8\xe6\x8a\x9e\xe3\x81\x95\xe3\x82\x8c\xe3\x81\x9f\xe3\x83\xa1\xe3\x83\x8b\xe3\x83\xa5\xe3\x83\xbc\xe3\x82\xa2\xe3\x82\xa4\xe3\x82\xb3\xe3\x83\xb3\xe3\x81\xae\xe8\x89\xb2 */\n        }\n    .system-name, .system-icon {\n      margin-left: 10px;\n    }\n    /* Responsive behavior for system icon and name */\n    .system-name { display: inline-block; }\n    .system-icon { display: inline-block; }\n    @media (max-width: 992px) { /* Hide system icon and name on smaller screens */\n      .system-icon { display: none; }\n    }\n    @media (max-width: 768px) { /* Hide system name on even smaller screens */\n      .system-name { display: none; }\n      .header .system-title {\n          display: none;\n      }\n        }\n        @media (max-width: 576px) {\n            .header .current-menu {\n                display: none;\n            }\n        }    \n    /* Sidebar and content transition for smooth movement */\n\n/* Transition for smooth resizing of main content */\n#sidebar, #mainContent {\n  transition: width 0.3s, margin-left 0.3s;\n}\n\n/* Full-width class for main content when sidebar is closed */\n.content-expanded {\n  margin-left: 0 !important;\n  width: 100% !important;\n}\n\n#sidebar {\n  transition: margin-left 0.3s;\n}\n\n/* Sidebar hidden state */\n.sidebar-closed {\n  margin-left: -350px; /* Adjust based on sidebar width */\n}\n\n/* Smooth transition for both sidebar and main content */\n.content-box {\n    background-color: white; /* \xe7\x99\xbd\xe5\xa1\x97\xe3\x82\x8a */\n    border-radius: 15px; /* \xe4\xb8\xb8\xe3\x81\xbf */\n    box-shadow: 0 4px 8px rgba(0, 0, 0, 0.3); /* \xe5\xbd\xb1\xe3\x82\x92\xe8\xbf\xbd\xe5\x8a\xa0 */\n}\n\n/* \xe9\x80\x9a\xe5\xb8\xb8\xe3\x83\x86\xe3\x82\xad\xe3\x82\xb9\xe3\x83\x88\xe3\x81\xa8\xe5\x90\x8c\xe3\x81\x98\xe8\xa6\x8b\xe3\x81\x9f\xe7\x9b\xae\xe3\x81\xab\xe3\x81\x99\xe3\x82\x8b */\n.no-link-style,\n.no-link-style:visited,\n.no-link-style:active,\n.no-link-style:hover {\n    color: inherit;\n    text-decoration: none;\n    cursor: pointer;\n}\n\n.nav-link.has-pin {\n    justify-content: space-between;\n}\n\n#pin-sidebar {\n    background-color: transparent;\n    border: none;\n    color: #6c757d;\n    padding: 0 0 0 10px;\n    font-size: 1.25rem; /* 20px */\n}\n\n#pin-sidebar:hover {\n    color: #000;\n}\n\nbody.no-transition #sidebar {\n    transition: none;\n}\n\n    /* Copy to clipboard styles */\n    /* \xe6\x97\xa2\xe5\xad\x98\xe3\x81\xae .copy-message \xe3\x81\xaf\xe9\x9d\x9e\xe8\xa1\xa8\xe7\xa4\xba\xe3\x81\xab\xe3\x81\x99\xe3\x82\x8b\xef\xbc\x88JS\xe3\x81\xa7\xe5\x8b\x95\xe7\x9a\x84\xe7\x94\x9f\xe6\x88\x90\xe3\x81\x99\xe3\x82\x8b\xe3\x81\x9f\xe3\x82\x81\xef\xbc\x89 */\n    .copy-message {\n        display: none !important;\n    }\n    \n    /* JS\xe3\x81\xa7\xe5\x8b\x95\xe7\x9a\x84\xe3\x81\xab\xe7\x94\x9f\xe6\x88\x90\xe3\x81\x95\xe3\x82\x8c\xe3\x82\x8b\xe3\x83\x84\xe3\x83\xbc\xe3\x83\xab\xe3\x83\x81\xe3\x83\x83\xe3\x83\x97\xe7\x94\xa8\xe3\x82\xb9\xe3\x82\xbf\xe3\x82\xa4\xe3\x83\xab */\n    .copy-tooltip {\n        position: absolute;\n        background-color: rgba(0, 0, 0, 0.9);\n        color: #fff;\n        padding: 5px 10px;\n        border-radius: 6px;\n        font-size: 0.75rem;\n        z-index: 1070;\n        white-space: nowrap;\n        pointer-events: none; /* \xe3\x83\x9e\xe3\x82\xa6\xe3\x82\xb9\xe3\x82\xa4\xe3\x83\x99\xe3\x83\xb3\xe3\x83\x88\xe3\x82\x92\xe9\x80\x8f\xe9\x81\x8e */\n        box-shadow: 0 4px 6px rgba(0,0,0,0.1);\n        opacity: 0;\n        transition: opacity 0.3s ease;\n        /* JS\xe3\x81\xa7 left \xe3\x82\x92\xe3\x82\xa2\xe3\x82\xa4\xe3\x82\xb3\xe3\x83\xb3\xe3\x81\xae\xe4\xb8\xad\xe5\xbf\x83\xe3\x81\xab\xe8\xa8\xad\xe5\xae\x9a\xe3\x81\x99\xe3\x82\x8b\xe3\x81\x9f\xe3\x82\x81\xe3\x80\x81\xe3\x81\x93\xe3\x81\x93\xe3\x81\xa7 -50% \xe3\x81\x97\xe3\x81\xa6\xe4\xb8\xad\xe5\xa4\xae\xe6\x8f\x83\xe3\x81\x88\xe3\x81\xab\xe3\x81\x99\xe3\x82\x8b */\n        transform: translateX(-50%);\n    }\n    .copy-tooltip.show {\n        opacity: 1;\n    }\n    /* \xe5\x90\xb9\xe3\x81\x8d\xe5\x87\xba\xe3\x81\x97\xe3\x81\xae\xe7\x9f\xa2\xe5\x8d\xb0\xef\xbc\x88\xe4\xb8\x8b\xe5\x90\x91\xe3\x81\x8d\xef\xbc\x89 */\n    .copy-tooltip::before {\n        content: "";\n        position: absolute;\n        bottom: -6px;\n        left: 50%;\n        margin-left: -6px;\n        border-width: 6px 6px 0;\n        border-style: solid;\n        border-color: rgba(0, 0, 0, 0.9) transparent transparent transparent;\n    }\n    .copy-icon {\n        color: green;\n        font-size: 1rem;\n        cursor: pointer;\n        margin-left: 5px;\n        vertical-align: middle;\n        display: inline-block;\n    }\n    .copy-target {\n        vertical-align: middle;\n    }\n    </style>\n    \n</head>\n<body class="no-transition">\n\n    <!-- \xe3\x83\x98\xe3\x83\x83\xe3\x83\x80\xe3\x83\xbc -->\n    <div class="header">\n        <div class="left-section">\n      <button class="btn d-md-none" type="button" data-bs-toggle="offcanvas" data-bs-target="#offcanvasMenu" aria-controls="offcanvasMenu">\n        <i class="bi bi-list"></i>\n      </button>\n      <button class="btn d-none d-md-block" id="toggleSidebar" type="button">\n        <i class="bi bi-list"></i> \n      </button>\n            <div class="logo d-none d-sm-block"><a href="/" class="no-link-style">None</a></div>\n            \n        </div>\n        <div class="icons" style="align-items: center;">\n            <span style="font-size:0.8rem; line-height: 1.2;">\n                <span id="window-breakpoint">-</span><br>\n                (\xe6\xa8\xaa\xe5\xb9\x85\xef\xbc\x9a<span id="window-width">0</span>px)\n            </span>\n            <!-- <i class="bi bi-search"></i> --> <!-- \xe6\xa4\x9c\xe7\xb4\xa2\xe3\x82\xa2\xe3\x82\xa4\xe3\x82\xb3\xe3\x83\xb3 -->\n            \n            <a href="/system/notifications/" style="position: relative; text-decoration: none; color: inherit;">\n                <i class="bi bi-bell"></i> <!-- \xe9\x80\x9a\xe7\x9f\xa5\xe3\x82\xa2\xe3\x82\xa4\xe3\x82\xb3\xe3\x83\xb3 -->\n                <span id="notification-badge" class="position-absolute top-0 start-100 badge rounded-pill bg-primary" style="display: none; font-size: 0.6rem; transform: translate(-90%, 10%);">\n                    0\n                </span>\n            </a>\n            <span class="d-none d-lg-inline-block">\n                <i class="bi bi-cup" id="logic-info-btn" data-bs-toggle="modal" data-bs-target="#logicInfoModal" title="\xe3\x83\x9a\xe3\x83\xbc\xe3\x82\xb8\xe3\x83\xad\xe3\x82\xb8\xe3\x83\x83\xe3\x82\xaf\xe6\x83\x85\xe5\xa0\xb1"></i>\n            </span>\n            <!--\n            <i class="bi bi-gear"></i>\n            -->\n            <a href="/accounts/profile/" title="\xe3\x82\xa2\xe3\x82\xab\xe3\x82\xa6\xe3\x83\xb3\xe3\x83\x88\xe7\xb7\xa8\xe9\x9b\x86" style="text-decoration:none;color:inherit;display:flex;align-items:center;font-weight:bold;margin-right:8px;">\n                <i class="bi bi-person-circle" style="font-size: 1.25rem; margin-right: 4px;"></i>\n                <span class="d-none d-lg-inline">teststaff@example.com</span>\n            </a>\n            <form action="/accounts/logout/" method="post" style="display:inline-flex; align-items:center;" onsubmit="return confirm(\'\xe3\x83\xad\xe3\x82\xb0\xe3\x82\xa2\xe3\x82\xa6\xe3\x83\x88\xe3\x81\x97\xe3\x81\xbe\xe3\x81\x99\xe3\x81\x8b\xef\xbc\x9f\');">\n                <input type="hidden" name="csrfmiddlewaretoken" value="nmL6HA4qUuU8xS677v73XCiQz87S5Ob0itHGC9RSbeUiNMjC3mp65hqr11rk8ogc">\n                <button type="submit" class="btn" title="\xe3\x83\xad\xe3\x82\xb0\xe3\x82\xa2\xe3\x82\xa6\xe3\x83\x88">\n                    <i class="bi bi-box-arrow-right"></i>\n                </button>\n            </form>\n        </div>\n    </div>\n\n<!-- Sidebar for large screens -->\n<div id="sidebar" class="col-md-3 col-lg-2 d-none d-md-block bg-light sidebar">\n  <div class="position-sticky">\n    <ul class="nav flex-column">\n      \n    </ul>\n  </div>\n</div>\n\n<!-- Offcanvas Menu for small screens -->\n<div class="offcanvas offcanvas-start" tabindex="-1" id="offcanvasMenu" aria-labelledby="offcanvasMenuLabel">\n  <div class="offcanvas-header">\n    <button class="btn d-md-none" type="button"  data-bs-dismiss="offcanvas" aria-label="Close">\n      <i class="bi bi-list"></i>\n    </button>\n    <h5 class="offcanvas-title" id="offcanvasMenuLabel">\xe3\x83\xa1\xe3\x83\x8b\xe3\x83\xa5\xe3\x83\xbc</h5>\n  </div>\n  <div class="offcanvas-body">\n    <ul class="nav flex-column">\n      \n    </ul>\n  </div>\n</div>\n\n<!-- Main Content -->\n<div class="container-fluid mt-1 mb-3" style="padding-top: 80px;">\n  <div class="row">\n    <!-- Add id to main content area -->\n    <main id="mainContent" class="col-md-9 ms-sm-auto col-lg-10 px-md-4">\n            <!-- \xe3\x83\xa1\xe3\x83\x83\xe3\x82\xbb\xe3\x83\xbc\xe3\x82\xb8\xe8\xa1\xa8\xe7\xa4\xba -->\n        \n            \n        \n<div class="content-box card bg-light mt-2 mb-4" style="max-width: 100%;">\n    <div class="card-header d-flex justify-content-between align-items-center">\n        \xe3\x82\xb9\xe3\x82\xbf\xe3\x83\x83\xe3\x83\x95\xe5\xa5\x91\xe7\xb4\x84\xe7\xa2\xba\xe8\xaa\x8d\n    </div>\n    <div class="card-body">\n        <!-- \xe5\xa5\x91\xe7\xb4\x84\xe7\xa2\xba\xe8\xaa\x8d\xe4\xb8\x80\xe8\xa6\xa7\xe3\x83\x86\xe3\x83\xbc\xe3\x83\x96\xe3\x83\xab -->\n        \n        <div class="text-center py-4">\n            <p class="text-muted">\xe7\xa2\xba\xe8\xaa\x8d\xe5\xaf\xbe\xe8\xb1\xa1\xe3\x81\xae\xe6\x9b\xb8\xe9\xa1\x9e\xe3\x81\x8c\xe8\xa6\x8b\xe3\x81\xa4\xe3\x81\x8b\xe3\x82\x8a\xe3\x81\xbe\xe3\x81\x9b\xe3\x82\x93\xe3\x81\xa7\xe3\x81\x97\xe3\x81\x9f\xe3\x80\x82</p>\n        </div>\n        \n    </div>\n</div>\n\n    </main>\n  </div>\n    </div>\n\n<!-- \xe3\x83\x9a\xe3\x83\xbc\xe3\x82\xb8\xe3\x83\xad\xe3\x82\xb8\xe3\x83\x83\xe3\x82\xaf\xe6\x83\x85\xe5\xa0\xb1\xe3\x83\xa2\xe3\x83\xbc\xe3\x83\x80\xe3\x83\xab -->\n<div class="modal fade" id="logicInfoModal" tabindex="-1" aria-labelledby="logicInfoModalLabel" aria-hidden="true">\n    <div class="modal-dialog modal-lg">\n        <div class="modal-content">\n            <div class="modal-header">\n                <h5 class="modal-title" id="logicInfoModalLabel">\n                    <i class="bi bi-cup-hot me-2"></i>\xe3\x83\x9a\xe3\x83\xbc\xe3\x82\xb8\xe3\x83\xad\xe3\x82\xb8\xe3\x83\x83\xe3\x82\xaf\xe6\x83\x85\xe5\xa0\xb1\n                </h5>\n                <button type="button" class="btn-close" data-bs-dismiss="modal" aria-label="Close"></button>\n            </div>\n            <div class="modal-body" style="background-color: #f0f0f0;">\n                <div id="logic-info-content">\n                    <!-- \xe3\x83\x9a\xe3\x83\xbc\xe3\x82\xb8\xe5\x9b\xba\xe6\x9c\x89\xe3\x81\xae\xe3\x83\xad\xe3\x82\xb8\xe3\x83\x83\xe3\x82\xaf\xe6\x83\x85\xe5\xa0\xb1\xe3\x81\x8c\xe3\x81\x93\xe3\x81\x93\xe3\x81\xab\xe8\xa1\xa8\xe7\xa4\xba\xe3\x81\x95\xe3\x82\x8c\xe3\x82\x8b -->\n                    <p class="text-muted">\xe3\x81\x93\xe3\x81\xae\xe3\x83\x9a\xe3\x83\xbc\xe3\x82\xb8\xe3\x81\xae\xe3\x83\xad\xe3\x82\xb8\xe3\x83\x83\xe3\x82\xaf\xe6\x83\x85\xe5\xa0\xb1\xe3\x81\xaf\xe3\x81\x82\xe3\x82\x8a\xe3\x81\xbe\xe3\x81\x9b\xe3\x82\x93\xe3\x80\x82</p>\n                </div>\n            </div>\n            <div class="modal-footer">\n                <button type="button" class="btn btn-sm btn-secondary" data-bs-dismiss="modal">\xe9\x96\x89\xe3\x81\x98\xe3\x82\x8b</button>\n            </div>\n        </div>\n    </div>\n</div>\n\n    <!-- Bootstrap JS -->\n<script src="/static/js/bootstrap.bundle.min.js"></script>\n\n    <script>\ndocument.addEventListener("DOMContentLoaded", function () {\n    const sidebar = document.getElementById(\'sidebar\');\n    const mainContent = document.getElementById(\'mainContent\');\n    const toggleSidebarBtn = document.getElementById(\'toggleSidebar\');\n    let pinSidebarBtn = null;\n    let pinIcon = null;\n\n    // sessionStorage\xe3\x81\x8b\xe3\x82\x89\xe3\x83\x94\xe3\x83\xb3\xe3\x81\xae\xe7\x8a\xb6\xe6\x85\x8b\xe3\x82\x92\xe8\xaa\xad\xe3\x81\xbf\xe8\xbe\xbc\xe3\x82\x80\xe3\x80\x82\xe3\x83\x87\xe3\x83\x95\xe3\x82\xa9\xe3\x83\xab\xe3\x83\x88\xe3\x81\xaf\xe3\x83\x94\xe3\x83\xb3\xe7\x95\x99\xe3\x82\x81(true)\n    let isMenuPinned = sessionStorage.getItem(\'isMenuPinned\') !== \'false\';\n\n    function closeSidebar() {\n        sidebar.classList.add(\'sidebar-closed\');\n        mainContent.classList.remove(\'col-md-9\', \'col-lg-10\');\n        mainContent.classList.add(\'col-md-12\', \'content-expanded\');\n    }\n\n    function openSidebar() {\n        sidebar.classList.remove(\'sidebar-closed\');\n        mainContent.classList.remove(\'col-md-12\', \'content-expanded\');\n        mainContent.classList.add(\'col-md-9\', \'col-lg-10\');\n    }\n\n    function updateSidebarState() {\n        if (!pinIcon) return;\n\n        if (isMenuPinned) {\n            sidebar.classList.add(\'pinned\');\n            pinIcon.classList.remove(\'bi-pin-angle\');\n            pinIcon.classList.add(\'bi-pin-angle-fill\');\n            pinSidebarBtn.title = \'\xe3\x82\xb5\xe3\x82\xa4\xe3\x83\x89\xe3\x83\x90\xe3\x83\xbc\xe3\x81\xae\xe3\x83\x94\xe3\x83\xb3\xe7\x95\x99\xe3\x82\x81\xe3\x82\x92\xe5\xa4\x96\xe3\x81\x99\';\n            openSidebar();\n        } else {\n            sidebar.classList.remove(\'pinned\');\n            pinIcon.classList.remove(\'bi-pin-angle-fill\');\n            pinIcon.classList.add(\'bi-pin-angle\');\n            pinSidebarBtn.title = \'\xe3\x82\xb5\xe3\x82\xa4\xe3\x83\x89\xe3\x83\x90\xe3\x83\xbc\xe3\x82\x92\xe3\x83\x94\xe3\x83\xb3\xe7\x95\x99\xe3\x82\x81\xe3\x81\x99\xe3\x82\x8b\';\n            closeSidebar();\n        }\n        sessionStorage.setItem(\'isMenuPinned\', isMenuPinned);\n    }\n\n    function createAndPlacePinButton() {\n        const firstTopLevelLink = document.querySelector(\'#sidebar .nav > .nav-item:first-child > .nav-link\');\n        \n        if (firstTopLevelLink) {\n            pinSidebarBtn = document.createElement(\'button\');\n            pinSidebarBtn.className = \'btn btn-sm\';\n            pinSidebarBtn.id = \'pin-sidebar\';\n            \n            pinIcon = document.createElement(\'i\');\n            pinIcon.className = \'bi\';\n            pinSidebarBtn.appendChild(pinIcon);\n            \n            firstTopLevelLink.appendChild(pinSidebarBtn);\n            firstTopLevelLink.classList.add(\'has-pin\');\n\n            pinSidebarBtn.addEventListener(\'click\', function (e) {\n                e.preventDefault();\n                e.stopPropagation();\n                isMenuPinned = !isMenuPinned;\n                updateSidebarState();\n            });\n            \n            updateSidebarState();\n        }\n    }\n\n    toggleSidebarBtn.addEventListener(\'click\', function() {\n        if (!isMenuPinned) {\n            if (sidebar.classList.contains(\'sidebar-closed\')) {\n                openSidebar();\n            } else {\n                closeSidebar();\n            }\n        }\n    });\n    \n    createAndPlacePinButton();\n\n    // \xe5\x88\x9d\xe6\x9c\x9f\xe7\x8a\xb6\xe6\x85\x8b\xe3\x81\xae\xe5\x8f\x8d\xe6\x98\xa0\n    if (isMenuPinned) {\n        openSidebar();\n    } else {\n        closeSidebar();\n    }\n\n    \n});\n    </script>\n<script>\n    function updateWindowWidth() {\n        document.getElementById(\'window-width\').textContent = window.innerWidth;\n    }\n    function updateWindowBreakpoint() {\n        var w = window.innerWidth;\n        var bp = \'\';\n        if (w < 576) bp = \'xs \xef\xbc\x9c576px\';\n        else if (w < 768) bp = \'sm \xe2\x89\xa7576px\';\n        else if (w < 992) bp = \'md \xe2\x89\xa7768px\';\n        else if (w < 1200) bp = \'lg \xe2\x89\xa7992px\';\n        else if (w < 1400) bp = \'xl \xe2\x89\xa71200px\';\n        else bp = \'xxl \xe2\x89\xa71400px\';\n        document.getElementById(\'window-breakpoint\').textContent = bp;\n    }\n    function updateWindowInfo() {\n        updateWindowWidth();\n        updateWindowBreakpoint();\n    }\n    window.addEventListener(\'resize\', updateWindowInfo);\n    window.addEventListener(\'DOMContentLoaded\', updateWindowInfo);\n</script>\n<script>\n    // \xe3\x83\x9a\xe3\x83\xbc\xe3\x82\xb8\xe3\x83\xad\xe3\x82\xb8\xe3\x83\x83\xe3\x82\xaf\xe6\x83\x85\xe5\xa0\xb1\xe3\x81\xae\xe7\xae\xa1\xe7\x90\x86\n    document.addEventListener(\'DOMContentLoaded\', function() {\n        const logicBtn = document.getElementById(\'logic-info-btn\');\n        const logicContent = document.getElementById(\'logic-info-content\');\n        \n        // \xe3\x83\x9a\xe3\x83\xbc\xe3\x82\xb8\xe3\x83\xad\xe3\x82\xb8\xe3\x83\x83\xe3\x82\xaf\xe6\x83\x85\xe5\xa0\xb1\xe3\x81\x8c\xe3\x81\x82\xe3\x82\x8b\xe3\x81\x8b\xe3\x83\x81\xe3\x82\xa7\xe3\x83\x83\xe3\x82\xaf\n        function checkLogicInfo() {\n            // \xe3\x82\xab\xe3\x82\xb9\xe3\x82\xbf\xe3\x83\xa0\xe3\x82\xa4\xe3\x83\x99\xe3\x83\xb3\xe3\x83\x88\xe3\x81\xa7\xe3\x83\x9a\xe3\x83\xbc\xe3\x82\xb8\xe3\x81\x8b\xe3\x82\x89\xe3\x83\xad\xe3\x82\xb8\xe3\x83\x83\xe3\x82\xaf\xe6\x83\x85\xe5\xa0\xb1\xe3\x81\xae\xe6\x9c\x89\xe7\x84\xa1\xe3\x82\x92\xe9\x80\x9a\xe7\x9f\xa5\n            const hasLogic = document.body.hasAttribute(\'data-has-logic\');\n            \n            if (hasLogic) {\n                logicBtn.className = \'bi bi-cup-hot\';\n                logicBtn.title = \'\xe3\x83\x9a\xe3\x83\xbc\xe3\x82\xb8\xe3\x83\xad\xe3\x82\xb8\xe3\x83\x83\xe3\x82\xaf\xe6\x83\x85\xe5\xa0\xb1\xef\xbc\x88\xe3\x81\x82\xe3\x82\x8a\xef\xbc\x89\';\n            } else {\n                logicBtn.className = \'bi bi-cup\';\n                logicBtn.title = \'\xe3\x83\x9a\xe3\x83\xbc\xe3\x82\xb8\xe3\x83\xad\xe3\x82\xb8\xe3\x83\x83\xe3\x82\xaf\xe6\x83\x85\xe5\xa0\xb1\xef\xbc\x88\xe3\x81\xaa\xe3\x81\x97\xef\xbc\x89\';\n                // \xe3\x83\x87\xe3\x83\x95\xe3\x82\xa9\xe3\x83\xab\xe3\x83\x88\xe3\x83\xa1\xe3\x83\x83\xe3\x82\xbb\xe3\x83\xbc\xe3\x82\xb8\xe3\x82\x92\xe8\xa8\xad\xe5\xae\x9a\n                if (logicContent) {\n                    logicContent.innerHTML = \'<p class="text-muted">\xe3\x81\x93\xe3\x81\xae\xe3\x83\x9a\xe3\x83\xbc\xe3\x82\xb8\xe3\x81\xae\xe3\x83\xad\xe3\x82\xb8\xe3\x83\x83\xe3\x82\xaf\xe6\x83\x85\xe5\xa0\xb1\xe3\x81\xaf\xe3\x81\x82\xe3\x82\x8a\xe3\x81\xbe\xe3\x81\x9b\xe3\x82\x93\xe3\x80\x82</p>\';\n                }\n            }\n        }\n        \n        // \xe5\x88\x9d\xe6\x9c\x9f\xe3\x83\x81\xe3\x82\xa7\xe3\x83\x83\xe3\x82\xaf\n        checkLogicInfo();\n        \n        // \xe3\x83\x9a\xe3\x83\xbc\xe3\x82\xb8\xe3\x83\xad\xe3\x82\xb8\xe3\x83\x83\xe3\x82\xaf\xe6\x83\x85\xe5\xa0\xb1\xe3\x81\x8c\xe8\xa8\xad\xe5\xae\x9a\xe3\x81\x95\xe3\x82\x8c\xe3\x81\x9f\xe3\x81\xa8\xe3\x81\x8d\xe3\x81\xae\xe3\x82\xa4\xe3\x83\x99\xe3\x83\xb3\xe3\x83\x88\xe3\x83\xaa\xe3\x82\xb9\xe3\x83\x8a\xe3\x83\xbc\n        document.addEventListener(\'logicInfoSet\', checkLogicInfo);\n    });\n</script>\n<script>\n  //\xe3\x83\x84\xe3\x83\xbc\xe3\x83\xab\xe3\x83\x81\xe3\x83\x83\xe3\x83\x97\xe3\x82\x92\xe4\xb8\x8a\xe3\x81\xab\xe5\x87\xba\xe3\x81\x99\n  var tooltipTriggerList = [].slice.call(document.querySelectorAll(\'[data-bs-toggle="tooltip"]\'))\n  var tooltipList = tooltipTriggerList.map(function (tooltipTriggerEl) {\n    return new bootstrap.Tooltip(tooltipTriggerEl)\n  })\n</script>\n\n<script>\n    // \xe9\x80\x9a\xe7\x9f\xa5\xe6\x9c\xaa\xe8\xaa\xad\xe6\x95\xb0\xe3\x82\x92\xe6\x9b\xb4\xe6\x96\xb0\xe3\x81\x99\xe3\x82\x8b\xe9\x96\xa2\xe6\x95\xb0\n    function updateNotificationCount() {\n        fetch(\'/system/notifications/count/\')\n            .then(response => response.json())\n            .then(data => {\n                const badge = document.getElementById(\'notification-badge\');\n                if (data.unread_count > 0) {\n                    badge.textContent = data.unread_count;\n                    badge.style.display = \'inline-block\';\n                } else {\n                    badge.style.display = \'none\';\n                }\n            })\n            .catch(error => console.error(\'\xe9\x80\x9a\xe7\x9f\xa5\xe6\x95\xb0\xe3\x81\xae\xe5\x8f\x96\xe5\xbe\x97\xe3\x81\xab\xe5\xa4\xb1\xe6\x95\x97\xe3\x81\x97\xe3\x81\xbe\xe3\x81\x97\xe3\x81\x9f:\', error));\n    }\n    \n    // \xe3\x83\x9a\xe3\x83\xbc\xe3\x82\xb8\xe8\xaa\xad\xe3\x81\xbf\xe8\xbe\xbc\xe3\x81\xbf\xe6\x99\x82\xe3\x81\xab\xe5\xae\x9f\xe8\xa1\x8c\n    document.addEventListener(\'DOMContentLoaded\', function() {\n        updateNotificationCount();\n    });\n</script>\n\n<script src="/static/js/copy-to-clipboard.js"></script>\n\n</body>\n</html>\n\n\n'

----------------------------------------------------------------------
Ran 1 test in 1.857s

FAILED (failures=1)
Destroying test database for alias 'default'...
Found 1 test(s).
System check identified no issues (0 silenced).
