Creating test database for alias 'default'...
F..
======================================================================
FAIL: test_summary_counts_with_custom_days (apps.home.tests.test_views.HomeViewWarningDaysTest.test_summary_counts_with_custom_days)
Test summary counts and labels are correct using custom warning days.
----------------------------------------------------------------------
Traceback (most recent call last):
  File "/app/apps/home/tests/test_views.py", line 440, in test_summary_counts_with_custom_days
    self.assertContains(
AssertionError: False is not true : Residence period warning text did not update: Couldn't find '今日から10日以内' in the following response
b'<!-- templates/common/base.html -->\n\n\n\n\n<!DOCTYPE html>\n<html lang="ja">\n<head>\n  <meta charset="UTF-8">\n  <meta name="viewport" content="width=device-width, initial-scale=1.0">\n    <title>None</title>\n    <!-- Bootstrap CSS -->\n    <link href="/static/css/simplex/bootstrap.min.css" rel="stylesheet">\n    <!-- Bootswatch\xe3\x81\xaeCSS -->\n    <!-- Bootstrap Icons -->\n    <link href="https://cdnjs.cloudflare.com/ajax/libs/bootstrap-icons/1.11.0/font/bootstrap-icons.min.css" rel="stylesheet">\n    <style>\n        /* \xe5\x85\xa8\xe4\xbd\x93\xe3\x82\xb9\xe3\x82\xbf\xe3\x82\xa4\xe3\x83\xab */\n        html {\n            font-size: 14px; /* settings.py\xe3\x81\xa7\xe7\xae\xa1\xe7\x90\x86 */\n        }\n        body {\n            background-color: #f0f0f0;\n            font-family: "Hiragino Kaku Gothic ProN", "Hiragino Sans", Meiryo, sans-serif;\n        }\n        /* \xe3\x83\x98\xe3\x83\x83\xe3\x83\x80\xe3\x82\xb9\xe3\x82\xbf\xe3\x82\xa4\xe3\x83\xab */\n        .header {\n            position: fixed;\n            top: 0;\n            width: 100%;\n            height: 70px;\n            background-color: #ffffff;\n            border-bottom: 1px solid #e0e0e0;\n            border-top: 1px solid #e0e0e0;\n            display: flex;\n            justify-content: space-between;\n            align-items: center;\n            padding: 0 20px;\n            z-index: 1000;\n            box-shadow: 0 0px 8px rgba(0, 0, 0, 0.1); /* \xe5\xb0\x8f\xe3\x81\x95\xe3\x81\x84\xe5\xbd\xb1\xe3\x82\x92\xe8\xbf\xbd\xe5\x8a\xa0 */\n            }\n/* \xe3\x83\x9c\xe3\x82\xbf\xe3\x83\xb3\xe5\x85\xa8\xe4\xbd\x93\xe3\x81\xae\xe3\x82\xb9\xe3\x82\xbf\xe3\x82\xa4\xe3\x83\xab */\n.header .btn {\n    background-color: #ffffff; /* \xe5\x88\x9d\xe6\x9c\x9f\xe7\x8a\xb6\xe6\x85\x8b\xe3\x81\xae\xe8\x83\x8c\xe6\x99\xaf\xe8\x89\xb2 */\n    border: none; /* \xe3\x83\x9c\xe3\x83\xbc\xe3\x83\x80\xe3\x83\xbc\xe3\x82\x92\xe5\x89\x8a\xe9\x99\xa4 */\n    border-radius: 10px;\n    color: #000;\n    padding: 8px; /* \xe3\x83\x9c\xe3\x82\xbf\xe3\x83\xb3\xe5\x86\x85\xe3\x81\xae\xe4\xbd\x99\xe7\x99\xbd\xe3\x82\x92\xe6\x9c\x80\xe5\xb0\x8f\xe9\x99\x90\xe3\x81\xab */\n    width: 40px; /* \xe6\x98\x8e\xe7\xa4\xba\xe7\x9a\x84\xe3\x81\xab\xe3\x83\x9c\xe3\x82\xbf\xe3\x83\xb3\xe3\x81\xae\xe5\xb9\x85\xe3\x82\x92\xe6\x8c\x87\xe5\xae\x9a */\n    height: 40px; /* \xe6\x98\x8e\xe7\xa4\xba\xe7\x9a\x84\xe3\x81\xab\xe3\x83\x9c\xe3\x82\xbf\xe3\x83\xb3\xe3\x81\xae\xe9\xab\x98\xe3\x81\x95\xe3\x82\x92\xe6\x8c\x87\xe5\xae\x9a */\n    display: flex;\n    justify-content: center;\n    align-items: center;\n    transition: background-color 0.3s; /* \xe8\x83\x8c\xe6\x99\xaf\xe8\x89\xb2\xe3\x81\xae\xe5\xa4\x89\xe5\x8c\x96\xe3\x82\x92\xe6\xbb\x91\xe3\x82\x89\xe3\x81\x8b\xe3\x81\xab */\n}\n\n/* \xe3\x83\x9e\xe3\x82\xa6\xe3\x82\xb9\xe3\x82\xaa\xe3\x83\xbc\xe3\x83\x90\xe3\x83\xbc\xe6\x99\x82\xe3\x81\xae\xe8\x83\x8c\xe6\x99\xaf\xe8\x89\xb2\xe5\xa4\x89\xe6\x9b\xb4 */\n.header .btn:hover {\n    background-color: #e0e0e0;\n}\n\n/* \xe3\x82\xa2\xe3\x82\xa4\xe3\x82\xb3\xe3\x83\xb3\xe3\x81\xae\xe3\x82\xb9\xe3\x82\xbf\xe3\x82\xa4\xe3\x83\xab */\n.header .btn i {\n    font-size: 1.5rem; /* 24px - \xe3\x82\xa2\xe3\x82\xa4\xe3\x82\xb3\xe3\x83\xb3\xe3\x81\xae\xe5\xa4\xa7\xe3\x81\x8d\xe3\x81\x95\xe3\x82\x92\xe8\xaa\xbf\xe6\x95\xb4 */\n    display: flex;\n    justify-content: center;\n    align-items: center;\n}\n        .header .left-section {\n            display: flex;\n            align-items: center;\n            gap: 20px;\n        }\n        .header .menu-toggle {\n            font-size: 1.5rem; /* 24px */\n            cursor: pointer;\n        }\n        .header .logo {\n            font-weight: bold;\n            font-size: 1.125rem; /* 18px */\n        }\n        .header .system-title, .header .current-menu {\n            font-size: 1rem; /* 16px */\n            margin-left: 60px;\n            font-weight: bold;\n        }\n        .header .current-menu {\n            display: flex;\n            align-items: center;\n        }\n        .header .current-menu i {\n            margin-right: 8px;\n            font-size: 1.25rem; /* 20px */\n            color: #28a745;\n        }\n        .header .icons {\n            display: flex;\n            gap: 10px;\n        }\n        .header .icons i {\n            cursor: pointer;\n            background-color: #fff;\n            padding: 8px;\n            border-radius: 10px;\n            color: #000;\n            width: 40px;\n            height: 40px;\n            display: flex;\n            justify-content: center;\n            align-items: center;\n            font-size: 1.5rem; /* 24px */\n            box-shadow: 0 1px 2px rgba(0, 0, 0, 0.2);\n        }\n        /* \xe3\x83\x9e\xe3\x82\xa6\xe3\x82\xb9\xe3\x82\xaa\xe3\x83\xbc\xe3\x83\x90\xe3\x83\xbc\xe6\x99\x82\xe3\x81\xae\xe8\x83\x8c\xe6\x99\xaf\xe8\x89\xb2\xe5\xa4\x89\xe6\x9b\xb4 */\n.header .icons i:hover {\n    background-color: #e0e0e0;\n    transition: background-color 0.3s; /* \xe8\x83\x8c\xe6\x99\xaf\xe8\x89\xb2\xe3\x81\xae\xe5\xa4\x89\xe5\x8c\x96\xe3\x82\x92\xe6\xbb\x91\xe3\x82\x89\xe3\x81\x8b\xe3\x81\xab */\n}\n        /* \xe3\x83\x8f\xe3\x83\xb3\xe3\x83\x90\xe3\x83\xbc\xe3\x82\xac\xe3\x83\xbc\xe3\x83\xa1\xe3\x83\x8b\xe3\x83\xa5\xe3\x83\xbc\xe3\x81\xae\xe5\xbd\xb1 */\n        .header .left-section .btn  {\n            box-shadow: 0 1px 2px rgba(0, 0, 0, 0.2);\n        }\n    .sidebar {\n      height: calc(100vh - 70px);\n      position: fixed;\n      top: 70px; /* Adjust top value to account for the fixed header */\n      background-color: #f8f9fa;\n      padding-top: 0px;\n      overflow-y: auto;\n      /* For Firefox scrollbar styling */\n      scrollbar-width: thin;\n      scrollbar-color: #dcdcdc #f8f9fa;\n    }\n\n    /* Sidebar scrollbar styling for WebKit browsers */\n    .sidebar::-webkit-scrollbar {\n        width: 8px;\n    }\n    .sidebar::-webkit-scrollbar-track {\n        background: #f8f9fa;\n    }\n    .sidebar::-webkit-scrollbar-thumb {\n        background: #dcdcdc;\n        border-radius: 4px;\n    }\n    .sidebar::-webkit-scrollbar-thumb:hover {\n        background: #c8c8c8;\n    }\n        .sidebar .nav-link {\n            padding: 10px 20px;\n            display: flex;\n            align-items: center;\n            justify-content: space-between;\n            font-size: 0.875rem; /* 14px */\n            color: #000;\n            border-bottom: 1px solid #eee;\n        }\n        .sidebar .nav-link i {\n            font-size: 1.25rem; /* 20px */\n        }\n        .sidebar .nav-link .menu-name {\n            flex-grow: 1;\n            margin-left: 10px;\n        }\n        .sidebar .nav-link .badge {\n            margin-left: auto;\n        }\n        .sidebar .nav-link.active, .sidebar .nav-link:hover {\n            background-color: #f0f0f0;\n        }\n        .sidebar .nav-link.active > i {\n            color: #28a745; /* \xe9\x81\xb8\xe6\x8a\x9e\xe3\x81\x95\xe3\x82\x8c\xe3\x81\x9f\xe3\x83\xa1\xe3\x83\x8b\xe3\x83\xa5\xe3\x83\xbc\xe3\x82\xa2\xe3\x82\xa4\xe3\x82\xb3\xe3\x83\xb3\xe3\x81\xae\xe8\x89\xb2 */\n        }\n    .offcanvas-body {\n      padding-top: 0px; /* Adjust padding to account for fixed header */\n      padding-left: 0px;\n      padding-right: 0px;\n    }\n        .offcanvas-body .nav-link {\n            padding: 10px 20px;\n            display: flex;\n            align-items: center;\n            justify-content: space-between;\n            font-size: 0.875rem; /* 14px */\n            color: #000;\n            border-bottom: 1px solid #eee;\n        }\n        .offcanvas-body .nav-link i {\n            font-size: 1.25rem; /* 20px */\n        }\n        .offcanvas-body .nav-link .menu-name {\n            flex-grow: 1;\n            margin-left: 10px;\n        }\n        .offcanvas-body .nav-link .badge {\n            margin-left: auto;\n        }\n        .offcanvas-body .nav-link.active, .offcanvas-body .nav-link:hover {\n            background-color: #f0f0f0;\n        }\n        .offcanvas-body .nav-link.active i {\n            color: #28a745; /* \xe9\x81\xb8\xe6\x8a\x9e\xe3\x81\x95\xe3\x82\x8c\xe3\x81\x9f\xe3\x83\xa1\xe3\x83\x8b\xe3\x83\xa5\xe3\x83\xbc\xe3\x82\xa2\xe3\x82\xa4\xe3\x82\xb3\xe3\x83\xb3\xe3\x81\xae\xe8\x89\xb2 */\n        }\n    .system-name, .system-icon {\n      margin-left: 10px;\n    }\n    /* Responsive behavior for system icon and name */\n    .system-name { display: inline-block; }\n    .system-icon { display: inline-block; }\n    @media (max-width: 992px) { /* Hide system icon and name on smaller screens */\n      .system-icon { display: none; }\n    }\n    @media (max-width: 768px) { /* Hide system name on even smaller screens */\n      .system-name { display: none; }\n      .header .system-title {\n          display: none;\n      }\n        }\n        @media (max-width: 576px) {\n            .header .current-menu {\n                display: none;\n            }\n        }    \n    /* Sidebar and content transition for smooth movement */\n\n/* Transition for smooth resizing of main content */\n#sidebar, #mainContent {\n  transition: width 0.3s, margin-left 0.3s;\n}\n\n/* Full-width class for main content when sidebar is closed */\n.content-expanded {\n  margin-left: 0 !important;\n  width: 100% !important;\n}\n\n#sidebar {\n  transition: margin-left 0.3s;\n}\n\n/* Sidebar hidden state */\n.sidebar-closed {\n  margin-left: -350px; /* Adjust based on sidebar width */\n}\n\n/* Smooth transition for both sidebar and main content */\n.content-box {\n    background-color: white; /* \xe7\x99\xbd\xe5\xa1\x97\xe3\x82\x8a */\n    border-radius: 15px; /* \xe4\xb8\xb8\xe3\x81\xbf */\n    box-shadow: 0 4px 8px rgba(0, 0, 0, 0.3); /* \xe5\xbd\xb1\xe3\x82\x92\xe8\xbf\xbd\xe5\x8a\xa0 */\n}\n\n/* \xe9\x80\x9a\xe5\xb8\xb8\xe3\x83\x86\xe3\x82\xad\xe3\x82\xb9\xe3\x83\x88\xe3\x81\xa8\xe5\x90\x8c\xe3\x81\x98\xe8\xa6\x8b\xe3\x81\x9f\xe7\x9b\xae\xe3\x81\xab\xe3\x81\x99\xe3\x82\x8b */\n.no-link-style,\n.no-link-style:visited,\n.no-link-style:active,\n.no-link-style:hover {\n    color: inherit;\n    text-decoration: none;\n    cursor: pointer;\n}\n\n.nav-link.has-pin {\n    justify-content: space-between;\n}\n\n#pin-sidebar {\n    background-color: transparent;\n    border: none;\n    color: #6c757d;\n    padding: 0 0 0 10px;\n    font-size: 1.25rem; /* 20px */\n}\n\n#pin-sidebar:hover {\n    color: #000;\n}\n\nbody.no-transition #sidebar {\n    transition: none;\n}\n\n    /* Copy to clipboard styles */\n    /* \xe6\x97\xa2\xe5\xad\x98\xe3\x81\xae .copy-message \xe3\x81\xaf\xe9\x9d\x9e\xe8\xa1\xa8\xe7\xa4\xba\xe3\x81\xab\xe3\x81\x99\xe3\x82\x8b\xef\xbc\x88JS\xe3\x81\xa7\xe5\x8b\x95\xe7\x9a\x84\xe7\x94\x9f\xe6\x88\x90\xe3\x81\x99\xe3\x82\x8b\xe3\x81\x9f\xe3\x82\x81\xef\xbc\x89 */\n    .copy-message {\n        display: none !important;\n    }\n    \n    /* JS\xe3\x81\xa7\xe5\x8b\x95\xe7\x9a\x84\xe3\x81\xab\xe7\x94\x9f\xe6\x88\x90\xe3\x81\x95\xe3\x82\x8c\xe3\x82\x8b\xe3\x83\x84\xe3\x83\xbc\xe3\x83\xab\xe3\x83\x81\xe3\x83\x83\xe3\x83\x97\xe7\x94\xa8\xe3\x82\xb9\xe3\x82\xbf\xe3\x82\xa4\xe3\x83\xab */\n    .copy-tooltip {\n        position: absolute;\n        background-color: rgba(0, 0, 0, 0.9);\n        color: #fff;\n        padding: 5px 10px;\n        border-radius: 6px;\n        font-size: 0.75rem;\n        z-index: 1070;\n        white-space: nowrap;\n        pointer-events: none; /* \xe3\x83\x9e\xe3\x82\xa6\xe3\x82\xb9\xe3\x82\xa4\xe3\x83\x99\xe3\x83\xb3\xe3\x83\x88\xe3\x82\x92\xe9\x80\x8f\xe9\x81\x8e */\n        box-shadow: 0 4px 6px rgba(0,0,0,0.1);\n        opacity: 0;\n        transition: opacity 0.3s ease;\n        /* JS\xe3\x81\xa7 left \xe3\x82\x92\xe3\x82\xa2\xe3\x82\xa4\xe3\x82\xb3\xe3\x83\xb3\xe3\x81\xae\xe4\xb8\xad\xe5\xbf\x83\xe3\x81\xab\xe8\xa8\xad\xe5\xae\x9a\xe3\x81\x99\xe3\x82\x8b\xe3\x81\x9f\xe3\x82\x81\xe3\x80\x81\xe3\x81\x93\xe3\x81\x93\xe3\x81\xa7 -50% \xe3\x81\x97\xe3\x81\xa6\xe4\xb8\xad\xe5\xa4\xae\xe6\x8f\x83\xe3\x81\x88\xe3\x81\xab\xe3\x81\x99\xe3\x82\x8b */\n        transform: translateX(-50%);\n    }\n    .copy-tooltip.show {\n        opacity: 1;\n    }\n    /* \xe5\x90\xb9\xe3\x81\x8d\xe5\x87\xba\xe3\x81\x97\xe3\x81\xae\xe7\x9f\xa2\xe5\x8d\xb0\xef\xbc\x88\xe4\xb8\x8b\xe5\x90\x91\xe3\x81\x8d\xef\xbc\x89 */\n    .copy-tooltip::before {\n        content: "";\n        position: absolute;\n        bottom: -6px;\n        left: 50%;\n        margin-left: -6px;\n        border-width: 6px 6px 0;\n        border-style: solid;\n        border-color: rgba(0, 0, 0, 0.9) transparent transparent transparent;\n    }\n    .copy-icon {\n        color: green;\n        font-size: 1rem;\n        cursor: pointer;\n        margin-left: 5px;\n        vertical-align: middle;\n        display: inline-block;\n    }\n    .copy-target {\n        vertical-align: middle;\n    }\n    </style>\n    \n</head>\n<body class="no-transition">\n\n    <!-- \xe3\x83\x98\xe3\x83\x83\xe3\x83\x80\xe3\x83\xbc -->\n    <div class="header">\n        <div class="left-section">\n      <button class="btn d-md-none" type="button" data-bs-toggle="offcanvas" data-bs-target="#offcanvasMenu" aria-controls="offcanvasMenu">\n        <i class="bi bi-list"></i>\n      </button>\n      <button class="btn d-none d-md-block" id="toggleSidebar" type="button">\n        <i class="bi bi-list"></i> \n      </button>\n            <div class="logo d-none d-sm-block"><a href="/" class="no-link-style">None</a></div>\n            \n        </div>\n        <div class="icons" style="align-items: center;">\n            <span style="font-size:0.8rem; line-height: 1.2;">\n                <span id="window-breakpoint">-</span><br>\n                (\xe6\xa8\xaa\xe5\xb9\x85\xef\xbc\x9a<span id="window-width">0</span>px)\n            </span>\n            <!-- <i class="bi bi-search"></i> --> <!-- \xe6\xa4\x9c\xe7\xb4\xa2\xe3\x82\xa2\xe3\x82\xa4\xe3\x82\xb3\xe3\x83\xb3 -->\n            \n            <a href="/system/notifications/" style="position: relative; text-decoration: none; color: inherit;">\n                <i class="bi bi-bell"></i> <!-- \xe9\x80\x9a\xe7\x9f\xa5\xe3\x82\xa2\xe3\x82\xa4\xe3\x82\xb3\xe3\x83\xb3 -->\n                <span id="notification-badge" class="position-absolute top-0 start-100 badge rounded-pill bg-primary" style="display: none; font-size: 0.6rem; transform: translate(-90%, 10%);">\n                    0\n                </span>\n            </a>\n            <span class="d-none d-lg-inline-block">\n                <i class="bi bi-cup" id="logic-info-btn" data-bs-toggle="modal" data-bs-target="#logicInfoModal" title="\xe3\x83\x9a\xe3\x83\xbc\xe3\x82\xb8\xe3\x83\xad\xe3\x82\xb8\xe3\x83\x83\xe3\x82\xaf\xe6\x83\x85\xe5\xa0\xb1"></i>\n            </span>\n            <!--\n            <i class="bi bi-gear"></i>\n            -->\n            <a href="/accounts/profile/" title="\xe3\x82\xa2\xe3\x82\xab\xe3\x82\xa6\xe3\x83\xb3\xe3\x83\x88\xe7\xb7\xa8\xe9\x9b\x86" style="text-decoration:none;color:inherit;display:flex;align-items:center;font-weight:bold;margin-right:8px;">\n                <i class="bi bi-person-circle" style="font-size: 1.25rem; margin-right: 4px;"></i>\n                <span class="d-none d-lg-inline">testuser2@example.com</span>\n            </a>\n            <form action="/accounts/logout/" method="post" style="display:inline-flex; align-items:center;" onsubmit="return confirm(\'\xe3\x83\xad\xe3\x82\xb0\xe3\x82\xa2\xe3\x82\xa6\xe3\x83\x88\xe3\x81\x97\xe3\x81\xbe\xe3\x81\x99\xe3\x81\x8b\xef\xbc\x9f\');">\n                <input type="hidden" name="csrfmiddlewaretoken" value="cYP8c97YGI8R1epCAg7qpNVamzwEt8bZwgLQitBGjrZN6QKGYjLOzJqRh8xnDCbl">\n                <button type="submit" class="btn" title="\xe3\x83\xad\xe3\x82\xb0\xe3\x82\xa2\xe3\x82\xa6\xe3\x83\x88">\n                    <i class="bi bi-box-arrow-right"></i>\n                </button>\n            </form>\n        </div>\n    </div>\n\n<!-- Sidebar for large screens -->\n<div id="sidebar" class="col-md-3 col-lg-2 d-none d-md-block bg-light sidebar">\n  <div class="position-sticky">\n    <ul class="nav flex-column">\n      \n    </ul>\n  </div>\n</div>\n\n<!-- Offcanvas Menu for small screens -->\n<div class="offcanvas offcanvas-start" tabindex="-1" id="offcanvasMenu" aria-labelledby="offcanvasMenuLabel">\n  <div class="offcanvas-header">\n    <button class="btn d-md-none" type="button"  data-bs-dismiss="offcanvas" aria-label="Close">\n      <i class="bi bi-list"></i>\n    </button>\n    <h5 class="offcanvas-title" id="offcanvasMenuLabel">\xe3\x83\xa1\xe3\x83\x8b\xe3\x83\xa5\xe3\x83\xbc</h5>\n  </div>\n  <div class="offcanvas-body">\n    <ul class="nav flex-column">\n      \n    </ul>\n  </div>\n</div>\n\n<!-- Main Content -->\n<div class="container-fluid mt-1 mb-3" style="padding-top: 80px;">\n  <div class="row">\n    <!-- Add id to main content area -->\n    <main id="mainContent" class="col-md-9 ms-sm-auto col-lg-10 px-md-4">\n            <!-- \xe3\x83\xa1\xe3\x83\x83\xe3\x82\xbb\xe3\x83\xbc\xe3\x82\xb8\xe8\xa1\xa8\xe7\xa4\xba -->\n        \n            \n        \n\n    \n\n    <style>\n        .stats-card {\n            background: #f8f9fa;\n            border: 1px solid #dee2e6;\n            border-radius: 8px;\n            transition: all 0.2s ease;\n            box-shadow: 0 1px 3px rgba(0,0,0,0.05);\n        }\n        .stats-card:hover {\n            box-shadow: 0 4px 8px rgba(0,0,0,0.1);\n            background: #ffffff;\n        }\n        .stats-card.has-count {\n            cursor: pointer;\n        }\n        .stats-card.has-count:hover {\n            transform: translateY(-4px);\n        }\n        .stats-card.has-count.bg-success-light {\n            background: #ffe8e0;\n        }\n        .stats-card.has-count.bg-success-light:hover {\n            background: #ffd4c4;\n        }\n        .stats-card.has-count.bg-primary-light {\n            background: #e8f5e9;\n        }\n        .stats-card.has-count.bg-primary-light:hover {\n            background: #d4edda;\n        }\n        .stats-card.has-count.bg-warning-light {\n            background: #fff9e6;\n        }\n        .stats-card.has-count.bg-warning-light:hover {\n            background: #fff3cd;\n        }\n        .stats-card.has-count.bg-info-light {\n            background: #e7f6f8;\n        }\n        .stats-card.has-count.bg-info-light:hover {\n            background: #d1ecf1;\n        }\n        .stats-icon {\n            font-size: 3rem;\n        }\n        .stats-icon.text-muted-light {\n            color: #adb5bd !important;\n        }\n        .icon-badge.text-muted-light {\n            color: #adb5bd !important;\n        }\n        .stats-number {\n            font-size: 2rem;\n            font-weight: 700;\n            margin: 0;\n            line-height: 1.2;\n        }\n        .stats-number.text-muted-light {\n            color: #adb5bd !important;\n        }\n        .stats-unit {\n            font-size: 1.2rem;\n            font-weight: 500;\n            margin-left: 0.25rem;\n        }\n        .stats-label {\n            font-size: 0.875rem;\n            color: #495057;\n            margin: 0;\n            font-weight: 600;\n        }\n        .stats-description {\n            font-size: 0.75rem;\n            color: #6c757d;\n            margin-top: 0.25rem;\n            margin-bottom: 0;\n        }\n        .stats-card-body {\n            padding: 1.25rem;\n        }\n        .icon-wrapper {\n            position: relative;\n            display: inline-block;\n        }\n        .icon-badge {\n            position: absolute;\n            top: -6px;\n            right: -10px;\n            font-size: 1.5rem;\n            color: #ffc107;\n        }\n        .stats-content-with-alarm {\n            margin-left: 0.5rem;\n        }\n    </style>\n\n    \n\n    <div class="content-box card bg-light mt-2 mb-4">\n        <div class="card-header">\xe7\x99\xbb\xe9\x8c\xb2\xe7\x8a\xb6\xe6\xb3\x81</div>\n        <div class="card-body">\n            <div class="row g-3">\n                <div class="col-md-6 col-lg-4">\n                    \n                    <a href="/staff/" class="text-decoration-none">\n                        <div class="stats-card has-count">\n                            <div class="stats-card-body d-flex align-items-center">\n                                <i class="bi bi-people-fill stats-icon me-3" style="color:#ff5722;"></i>\n                                <div class="flex-grow-1">\n                                    <p class="stats-number text-dark">2<span class="stats-unit">\xe5\x90\x8d</span></p>\n                                    <p class="stats-label">\xe3\x82\xb9\xe3\x82\xbf\xe3\x83\x83\xe3\x83\x95\xe7\x99\xbb\xe9\x8c\xb2\xe6\x95\xb0</p>\n                                    <p class="stats-description">\xe3\x82\xb7\xe3\x82\xb9\xe3\x83\x86\xe3\x83\xa0\xe3\x81\xab\xe7\x99\xbb\xe9\x8c\xb2\xe3\x81\x95\xe3\x82\x8c\xe3\x81\xa6\xe3\x81\x84\xe3\x82\x8b\xe3\x82\xb9\xe3\x82\xbf\xe3\x83\x83\xe3\x83\x95\xe3\x81\xae\xe7\xb7\x8f\xe6\x95\xb0\xe3\x81\xa7\xe3\x81\x99\xe3\x80\x82</p>\n                                </div>\n                            </div>\n                        </div>\n                    </a>\n                    \n                </div>\n                <div class="col-md-6 col-lg-4">\n                    \n                    <div class="stats-card">\n                        <div class="stats-card-body d-flex align-items-center">\n                            <i class="bi bi-person-check-fill stats-icon text-muted-light me-3"></i>\n                            <div class="flex-grow-1">\n                                <p class="stats-number text-muted-light">-</p>\n                                <p class="stats-label">\xe3\x82\xb9\xe3\x82\xbf\xe3\x83\x83\xe3\x83\x95\xe6\x8e\xa5\xe7\xb6\x9a\xe6\x89\xbf\xe8\xaa\x8d\xe6\xb8\x88\xe3\x81\xbf</p>\n                                <p class="stats-description">\xe6\x8e\xa5\xe7\xb6\x9a\xe7\x94\xb3\xe8\xab\x8b\xe3\x81\x8c\xe6\x89\xbf\xe8\xaa\x8d\xe3\x81\x95\xe3\x82\x8c\xe3\x81\x9f\xe3\x82\xb9\xe3\x82\xbf\xe3\x83\x83\xe3\x83\x95\xe3\x81\xae\xe6\x95\xb0\xe3\x81\xa7\xe3\x81\x99\xe3\x80\x82</p>\n                            </div>\n                        </div>\n                    </div>\n                    \n                </div>\n                <div class="col-md-6 col-lg-4">\n                    \n                    <a href="/contract/staff/" class="text-decoration-none">\n                        <div class="stats-card has-count">\n                            <div class="stats-card-body d-flex align-items-center">\n                                <i class="bi bi-file-earmark-person-fill stats-icon me-3" style="color:#ff5722;"></i>\n                                <div class="flex-grow-1">\n                                    <p class="stats-number text-dark">1<span class="stats-unit">\xe4\xbb\xb6</span></p>\n                                    <p class="stats-label">\xe3\x82\xb9\xe3\x82\xbf\xe3\x83\x83\xe3\x83\x95\xe5\xa5\x91\xe7\xb4\x84\xe7\x99\xbb\xe9\x8c\xb2\xe6\x95\xb0</p>\n                                    <p class="stats-description">\xe6\x9c\xac\xe6\x97\xa5\xe4\xbb\xa5\xe9\x99\x8d\xe3\x81\xab\xe6\x9c\x89\xe5\x8a\xb9\xe3\x81\xaa\xe5\xa5\x91\xe7\xb4\x84\xe3\x81\xae\xe7\xb7\x8f\xe6\x95\xb0\xe3\x81\xa7\xe3\x81\x99\xe3\x80\x82</p>\n                                </div>\n                            </div>\n                        </div>\n                    </a>\n                    \n                </div>\n                <div class="col-md-6 col-lg-4">\n                    \n                    <a href="/client/" class="text-decoration-none">\n                        <div class="stats-card has-count">\n                            <div class="stats-card-body d-flex align-items-center">\n                                <i class="bi bi-building-fill stats-icon me-3" style="color:#28a745;"></i>\n                                <div class="flex-grow-1">\n                                    <p class="stats-number text-dark">1<span class="stats-unit">\xe7\xa4\xbe</span></p>\n                                    <p class="stats-label">\xe3\x82\xaf\xe3\x83\xa9\xe3\x82\xa4\xe3\x82\xa2\xe3\x83\xb3\xe3\x83\x88\xe7\x99\xbb\xe9\x8c\xb2\xe6\x95\xb0</p>\n                                    <p class="stats-description">\xe3\x82\xb7\xe3\x82\xb9\xe3\x83\x86\xe3\x83\xa0\xe3\x81\xab\xe7\x99\xbb\xe9\x8c\xb2\xe3\x81\x95\xe3\x82\x8c\xe3\x81\xa6\xe3\x81\x84\xe3\x82\x8b\xe3\x82\xaf\xe3\x83\xa9\xe3\x82\xa4\xe3\x82\xa2\xe3\x83\xb3\xe3\x83\x88\xe3\x81\xae\xe7\xb7\x8f\xe6\x95\xb0\xe3\x81\xa7\xe3\x81\x99\xe3\x80\x82</p>\n                                </div>\n                            </div>\n                        </div>\n                    </a>\n                    \n                </div>\n                <div class="col-md-6 col-lg-4">\n                    \n                    <div class="stats-card">\n                        <div class="stats-card-body d-flex align-items-center">\n                            <i class="bi bi-building-check stats-icon text-muted-light me-3"></i>\n                            <div class="flex-grow-1">\n                                <p class="stats-number text-muted-light">-</p>\n                                <p class="stats-label">\xe3\x82\xaf\xe3\x83\xa9\xe3\x82\xa4\xe3\x82\xa2\xe3\x83\xb3\xe3\x83\x88\xe6\x8e\xa5\xe7\xb6\x9a\xe6\x89\xbf\xe8\xaa\x8d\xe6\xb8\x88\xe3\x81\xbf</p>\n                                <p class="stats-description">\xe6\x8e\xa5\xe7\xb6\x9a\xe7\x94\xb3\xe8\xab\x8b\xe3\x81\x8c\xe6\x89\xbf\xe8\xaa\x8d\xe3\x81\x95\xe3\x82\x8c\xe3\x81\x9f\xe3\x82\xaf\xe3\x83\xa9\xe3\x82\xa4\xe3\x82\xa2\xe3\x83\xb3\xe3\x83\x88\xe6\x8b\x85\xe5\xbd\x93\xe8\x80\x85\xe3\x81\xae\xe6\x95\xb0\xe3\x81\xa7\xe3\x81\x99\xe3\x80\x82</p>\n                            </div>\n                        </div>\n                    </div>\n                    \n                </div>\n                <div class="col-md-6 col-lg-4">\n                    \n                    <a href="/contract/client/" class="text-decoration-none">\n                        <div class="stats-card has-count">\n                            <div class="stats-card-body d-flex align-items-center">\n                                <i class="bi bi-file-earmark-text-fill stats-icon me-3" style="color:#28a745;"></i>\n                                <div class="flex-grow-1">\n                                    <p class="stats-number text-dark">2<span class="stats-unit">\xe4\xbb\xb6</span></p>\n                                    <p class="stats-label">\xe3\x82\xaf\xe3\x83\xa9\xe3\x82\xa4\xe3\x82\xa2\xe3\x83\xb3\xe3\x83\x88\xe5\xa5\x91\xe7\xb4\x84\xe7\x99\xbb\xe9\x8c\xb2\xe6\x95\xb0</p>\n                                    <p class="stats-description">\xe6\x9c\xac\xe6\x97\xa5\xe4\xbb\xa5\xe9\x99\x8d\xe3\x81\xab\xe6\x9c\x89\xe5\x8a\xb9\xe3\x81\xaa\xe5\xa5\x91\xe7\xb4\x84\xe3\x81\xae\xe7\xb7\x8f\xe6\x95\xb0\xe3\x81\xa7\xe3\x81\x99\xe3\x80\x82</p>\n                                </div>\n                            </div>\n                        </div>\n                    </a>\n                    \n                </div>\n            </div>\n        </div>\n    </div>\n\n    <div class="content-box card bg-light mt-2 mb-4" style="max-width: 100%;">\n        <div class="card-header">\xe5\x88\xa9\xe7\x94\xa8\xe6\x8a\x80\xe8\xa1\x93</div>\n        <div class="card-body">\n            <div class="row">\n                <div class="col-3">\n                    <h4 class="card-title">Base</h4>\n                    <p class="card-text">\n                        <ul>\n                            <li>Django 5.2 (BSD 3-Clause License)</li>\n                            <li>Python 3.12</li>\n                            <li>Bootstrap 5.3 (MIT License)</li>\n                            <li>Bootstrap Icon (MIT License)</li>\n                            <li>Bootswatch for 5.3 (MIT License)</li>\n                            <li>SQLite3 (Public Domain)</li>\n                            \n                        </ul>\n                    </p>\n                    <h4 class="card-title">Coding</h4>\n                    <p class="card-text">\n                        <ul>\n                            <li>Amazon kiro (with Claude Sonnet 4.0, Auto)</li>\n                            <li>Google Jules (with Gemini 2.5 pro)</li>\n                            <li>VSCode (with Github Copilot Agent)</li>\n                            <li>VSCode (with Gemini CLI 2.5)</li>\n                            <li>Antigravity (with Gemini 3 pro)</li>\n                            <li>Antigravity (with Claude Sonnet 4.5)</li>\n                        </ul>\n                    </p>\n                </div>\n                <div class="col-5">\n                    <h4 class="card-title">Middleware</h4>\n                    <p class="card-text">\n                        <ul>\n                            <li>django-allauth\xef\xbc\x9a\xe8\xaa\x8d\xe8\xa8\xbc\xe6\xa9\x9f\xe8\x83\xbd (MIT License)</li>\n                            <li>django-import-export\xef\xbc\x9a\xe7\xae\xa1\xe7\x90\x86\xe7\x94\xbb\xe9\x9d\xa2\xe3\x81\xae\xe3\x82\xa4\xe3\x83\xb3\xe3\x83\x9d\xe3\x83\xbc\xe3\x83\x88\xe3\x82\xa8\xe3\x82\xaf\xe3\x82\xb9\xe3\x83\x9d\xe3\x83\xbc\xe3\x83\x88 (MIT License)</li>\n                            <li>django-currentuser\xef\xbc\x9a\xe6\x9c\x80\xe7\xb5\x82\xe6\x9b\xb4\xe6\x96\xb0\xe3\x83\xa6\xe3\x83\xbc\xe3\x82\xb6 (MIT License)</li>\n                            <li>django-concurrency\xef\xbc\x9a\xe6\xa5\xbd\xe8\xa6\xb3\xe3\x83\xad\xe3\x83\x83\xe3\x82\xaf (Apache License 2.0)</li>\n                            <li>pillow\xef\xbc\x9a\xe7\x94\xbb\xe5\x83\x8f\xe5\x87\xa6\xe7\x90\x86\xe3\x83\xa9\xe3\x82\xa4\xe3\x83\x96\xe3\x83\xa9\xe3\x83\xaa (MIT License)</li>\n                            <li>requests\xef\xbc\x9aHTTP\xe9\x80\x9a\xe4\xbf\xa1\xe3\x83\xa9\xe3\x82\xa4\xe3\x83\x96\xe3\x83\xa9\xe3\x83\xaa (Apache License 2.0)</li>\n                            <li>python-dateutil\xef\xbc\x9a\xe6\x97\xa5\xe4\xbb\x98\xe5\x87\xa6\xe7\x90\x86\xe3\x83\xa9\xe3\x82\xa4\xe3\x83\x96\xe3\x83\xa9\xe3\x83\xaa (Apache License 2.0)</li>\n                            <li>jpholiday\xef\xbc\x9a\xe7\xa5\x9d\xe6\x97\xa5\xe3\x83\xa9\xe3\x82\xa4\xe3\x83\x96\xe3\x83\xa9\xe3\x83\xaa (MIT License)</li>\n                            <li>python-stdnum\xef\xbc\x9a\xe5\x90\x84\xe7\xa8\xae\xe6\xa8\x99\xe6\xba\x96\xe7\x95\xaa\xe5\x8f\xb7\xe3\x81\xae\xe6\xa4\x9c\xe8\xa8\xbc (LGPL-3.0 License)</li>\n                            <li>openpyxl\xef\xbc\x9aExcel\xe3\x83\x95\xe3\x82\xa1\xe3\x82\xa4\xe3\x83\xab\xe6\x93\x8d\xe4\xbd\x9c\xe3\x83\xa9\xe3\x82\xa4\xe3\x83\x96\xe3\x83\xa9\xe3\x83\xaa (MIT License)</li>\n                            <!-- <li>pdfrw\xef\xbc\x9aPDF\xe3\x83\x95\xe3\x82\xa1\xe3\x82\xa4\xe3\x83\xab\xe6\x93\x8d\xe4\xbd\x9c\xe3\x83\xa9\xe3\x82\xa4\xe3\x83\x96\xe3\x83\xa9\xe3\x83\xaa (MIT License)</li> -->\n                            <li>reportlab\xef\xbc\x9aPDF\xe3\x83\x95\xe3\x82\xa1\xe3\x82\xa4\xe3\x83\xab\xe7\x94\x9f\xe6\x88\x90 (BSD like)</li>\n                            <li>pypdfium2\xef\xbc\x9aPDF\xe3\x83\x89\xe3\x82\xad\xe3\x83\xa5\xe3\x83\xa1\xe3\x83\xb3\xe3\x83\x88\xe6\x93\x8d\xe4\xbd\x9c\xe3\x83\xa9\xe3\x82\xa4\xe3\x83\x96\xe3\x83\xa9\xe3\x83\xaa (Apache License 2.0)</li>\n                            <!-- <li>PyMuPDF\xef\xbc\x9aPDF/XPS/EPUB/CB2/CBR\xe3\x83\x89\xe3\x82\xad\xe3\x83\xa5\xe3\x83\xa1\xe3\x83\xb3\xe3\x83\x88\xe6\x93\x8d\xe4\xbd\x9c\xe3\x83\xa9\xe3\x82\xa4\xe3\x83\x96\xe3\x83\xa9\xe3\x83\xaa (GNU Affero General Public License v3.0)</li> -->\n                            <li>django-storages\xef\xbc\x9a\xe3\x83\x95\xe3\x82\xa1\xe3\x82\xa4\xe3\x83\xab\xe3\x82\xb9\xe3\x83\x88\xe3\x83\xac\xe3\x83\xbc\xe3\x82\xb8\xe6\x8a\xbd\xe8\xb1\xa1\xe5\x8c\x96\xe3\x83\xa9\xe3\x82\xa4\xe3\x83\x96\xe3\x83\xa9\xe3\x83\xaa (BSD 3-Clause License)</li>\n                            <li>tablib\xef\xbc\x9a\xe8\xa1\xa8\xe5\xbd\xa2\xe5\xbc\x8f\xe3\x83\x87\xe3\x83\xbc\xe3\x82\xbf\xe3\x81\xae\xe3\x82\xa8\xe3\x82\xaf\xe3\x82\xb9\xe3\x83\x9d\xe3\x83\xbc\xe3\x83\x88/\xe3\x82\xa4\xe3\x83\xb3\xe3\x83\x9d\xe3\x83\xbc\xe3\x83\x88\xe3\x83\xa9\xe3\x82\xa4\xe3\x83\x96\xe3\x83\xa9\xe3\x83\xaa (MIT License)</li>\n                            <li>Cropper.js\xef\xbc\x9a\xe7\x94\xbb\xe5\x83\x8f\xe5\x88\x87\xe3\x82\x8a\xe6\x8a\x9c\xe3\x81\x8d\xe3\x83\xa9\xe3\x82\xa4\xe3\x83\x96\xe3\x83\xa9\xe3\x83\xaa (MIT License)</li>\n                        </ul>\n                    </p>\n                    <h4 class="card-title">API</h4>\n                    <p class="card-text">\n                        <ul>\n                            <li>gBizINFO\xef\xbc\x9a\xe6\xb3\x95\xe4\xba\xba\xe7\x95\xaa\xe5\x8f\xb7\xe3\x81\x8b\xe3\x82\x89\xe4\xbc\x81\xe6\xa5\xad\xe6\x83\x85\xe5\xa0\xb1\xe5\x8f\x96\xe5\xbe\x97\xef\xbc\x9ahttps://info.gbiz.go.jp/ (\xe8\x91\x97\xe4\xbd\x9c\xe6\xa8\xa9\xe3\x81\xaf\xe7\xb5\x8c\xe6\xb8\x88\xe7\x94\xa3\xe6\xa5\xad\xe7\x9c\x81\xe3\x81\xab\xe5\xb8\xb0\xe5\xb1\x9e\xe3\x81\x97\xe3\x81\xbe\xe3\x81\x99\xe3\x80\x82)</li>\n                            <li>zipcloud\xef\xbc\x9a\xe9\x83\xb5\xe4\xbe\xbf\xe7\x95\xaa\xe5\x8f\xb7\xe3\x81\x8b\xe3\x82\x89\xe4\xbd\x8f\xe6\x89\x80\xe5\x8f\x96\xe5\xbe\x97\xef\xbc\x9ahttps://zipcloud.ibsnet.co.jp/ (MIT License)</li>\n                            <li>\xe9\x8a\x80\xe8\xa1\x8c\xe6\x83\x85\xe5\xa0\xb1\xe6\xa4\x9c\xe7\xb4\xa2\xef\xbc\x9aDB\xe3\x81\xae\xe9\x8a\x80\xe8\xa1\x8c\xe6\x83\x85\xe5\xa0\xb1\xe3\x81\x8b\xe3\x82\x89\xe6\xa4\x9c\xe7\xb4\xa2\xef\xbc\x9a/api/search_banks/ (\xe8\x87\xaa\xe4\xbd\x9cAPI)</li>\n                            <li>\xe9\x8a\x80\xe8\xa1\x8c\xe6\x94\xaf\xe5\xba\x97\xe6\xa4\x9c\xe7\xb4\xa2\xef\xbc\x9aDB\xe3\x81\xae\xe6\x94\xaf\xe5\xba\x97\xe6\x83\x85\xe5\xa0\xb1\xe3\x81\x8b\xe3\x82\x89\xe6\xa4\x9c\xe7\xb4\xa2\xef\xbc\x9a/api/search_bank_branchs/ (\xe8\x87\xaa\xe4\xbd\x9cAPI)</li>\n                            <li>Gemini\xef\xbc\x9a\xe7\x94\x9f\xe6\x88\x90AI\xe3\x81\xab\xe3\x82\x88\xe3\x82\x8b\xe3\x83\x86\xe3\x82\xad\xe3\x82\xb9\xe3\x83\x88\xe8\xa7\xa3\xe6\x9e\x90\xe3\x83\xbb\xe7\x94\x9f\xe6\x88\x90\xef\xbc\x9ahttps://ai.google.dev/ (Google AI Studio)</li>\n                            <li>OpenAI\xef\xbc\x9a\xe7\x94\x9f\xe6\x88\x90AI\xe3\x81\xab\xe3\x82\x88\xe3\x82\x8b\xe3\x83\x86\xe3\x82\xad\xe3\x82\xb9\xe3\x83\x88\xe8\xa7\xa3\xe6\x9e\x90\xe3\x83\xbb\xe7\x94\x9f\xe6\x88\x90\xef\xbc\x9ahttps://platform.openai.com/ (OpenAI)</li>\n                        </ul>\n                    </p>\n                </div>\n\n                <div class="col-4">\n                    <h4 class="card-title">Custom Tags</h4>\n                    <p class="card-text">\n                        <ul>\n                            <li>Tooltip\xef\xbc\x9a{% load help_tags %}<br>\n                                \xe4\xbe\x8b:{% my_help_preset "corporate_number" %}<br/>\n                                \xe4\xbe\x8b:{% my_help_icon "help message" %}<br/>\n                                \xe4\xbe\x8b:{% my_note_preset "teishokubi" %}<br/>\n                                \xe4\xbe\x8b:{% my_note_icon "note message" %}\n                            </li>\n                            <li>Parameter\xef\xbc\x9a{% load parameters %}<br>\n                                \xe4\xbe\x8b:{% parameter \'SYSTEM_NAME\' %}\n                            </li>\n                            <li>Badge color\xef\xbc\x9a{% load badge_tags %}<br>\n                                \xe4\xbe\x8b:&ltspan class="badge {{ client.client_regist_status|badge_class }}"\n                            </li>\n                            <li>Dropdown selected\xef\xbc\x9a{% load dropdowns %}<br>\n                                \xe4\xbe\x8b:{% my_name \'sex\' staff.sex %}\n                            </li>\n                        </ul>\n                    </p>\n                </div>\n            </div>\n        </div>\n    </div>\n\n    <div class="content-box card bg-light mt-2 mb-4" style="max-width: 100%;">\n        <div class="card-header">\xe8\xa6\x8f\xe5\xae\x9a\xe3\x83\xbb\xe6\x9b\xb8\xe5\xbc\x8f</div>\n        <div class="card-body">\n            <div class="row">\n                <div class="col-6">\n                    <h4 class="card-title">Staff</h4>\n                    <p class="card-text">\n                        <ul>\n                            <li><i class="bi bi-file-earmark-excel"></i> \xe5\xb1\xa5\xe6\xad\xb4\xe6\x9b\xb8\n                                <a href="https://doda.jp/guide/rireki/template/" target="_blank" class="text-decoration-none" style="color:green;margin-left: 5px;">\n                                    \xe5\x8e\x9a\xe7\x94\x9f\xe5\x8a\xb4\xe5\x83\x8d\xe7\x9c\x81\xe3\x81\xae\xe5\xb1\xa5\xe6\xad\xb4\xe6\x9b\xb8\xe3\x83\x86\xe3\x83\xb3\xe3\x83\x97\xe3\x83\xac\xe3\x83\xbc\xe3\x83\x88 Excel A4 <i class="bi bi-box-arrow-up-right"></i>\n                                </a>\n                            </li>\n                            <li><i class="bi bi-file-earmark-excel"></i> \xe6\xb1\x82\xe8\x81\xb7\xe7\x94\xb3\xe8\xbe\xbc\xe6\x9b\xb8\n                                <a href="https://jsite.mhlw.go.jp/tokyo-roudoukyoku/riyousha_mokuteki_menu/mokuteki_naiyou/haken_part/syokai-youshikirei.html" target="_blank" class="text-decoration-none" style="color:green;margin-left: 5px;">\n                                    \xe6\x9d\xb1\xe4\xba\xac\xe5\x8a\xb4\xe5\x83\x8d\xe5\xb1\x80\xe3\x80\x80\xe6\xb1\x82\xe8\x81\xb7\xe7\x94\xb3\xe8\xbe\xbc\xe6\x9b\xb8\xe3\x80\x90Excel\xe5\xbd\xa2\xe5\xbc\x8f\xe3\x80\x91 <i class="bi bi-box-arrow-up-right"></i>\n                                </a>\n                            </li>\n                            <!-- <li><i class="bi bi-file-earmark-pdf"></i> \xe7\xb5\xa6\xe4\xb8\x8e\xe6\x89\x80\xe5\xbe\x97\xe8\x80\x85\xe3\x81\xae\xe6\x89\xb6\xe9\xa4\x8a\xe6\x8e\xa7\xe9\x99\xa4\xe7\xad\x89(\xe7\x95\xb0\xe5\x8b\x95)\xe7\x94\xb3\xe5\x91\x8a\xe6\x9b\xb8\n                                <a href="https://www.nta.go.jp/taxes/tetsuzuki/shinsei/annai/gensen/annai/1648_01.htm" target="_blank" class="text-decoration-none" style="color:green;margin-left: 5px;">\n                                    \xe5\x9b\xbd\xe7\xa8\x8e\xe5\xba\x81(\xe4\xbb\xa4\xe5\x92\x8c7\xe5\xb9\xb4\xe5\x88\x86) <i class="bi bi-box-arrow-up-right"></i>\n                                </a>\n                            </li> -->\n                        </ul>\n                    </p>\n\n                    <h4 class="card-title">Master</h4>\n                    <p class="card-text">\n                        <ul>\n                            <li><i class="bi bi-database"></i> \xe7\xb7\x8f\xe5\x8b\x99\xe7\x9c\x81\xe8\x81\xb7\xe6\xa5\xad\xe5\x88\x86\xe9\xa1\x9e\n                                <a href="https://www.soumu.go.jp/toukei_toukatsu/index/seido/shokgyou/21index.htm" target="_blank" class="text-decoration-none" style="color:green;margin-left: 5px;">\n                                    \xe6\x97\xa5\xe6\x9c\xac\xe6\xa8\x99\xe6\xba\x96\xe8\x81\xb7\xe6\xa5\xad\xe5\x88\x86\xe9\xa1\x9e\xef\xbc\x88\xe5\xb9\xb3\xe6\x88\x9021\xe5\xb9\xb412\xe6\x9c\x88\xe5\x91\x8a\xe7\xa4\xba\xef\xbc\x89 <i class="bi bi-box-arrow-up-right"></i>\n                                </a>\n                            </li>\n                            <li><i class="bi bi-database"></i> \xe5\x8e\x9a\xe5\x8a\xb4\xe7\x9c\x81\xe8\x81\xb7\xe6\xa5\xad\xe5\x88\x86\xe9\xa1\x9e\n                                <a href="https://www.hellowork.mhlw.go.jp/info/mhlw_job_dictionary.html" target="_blank" class="text-decoration-none" style="color:green;margin-left: 5px;">\n                                    \xe5\x8e\x9a\xe7\x94\x9f\xe5\x8a\xb4\xe5\x83\x8d\xe7\x9c\x81\xe7\xb7\xa8\xe8\x81\xb7\xe6\xa5\xad\xe5\x88\x86\xe9\xa1\x9e\xef\xbc\x88\xe4\xbb\xa4\xe5\x92\x8c\xef\xbc\x94\xe5\xb9\xb4\xe6\x94\xb9\xe5\xae\x9a\xef\xbc\x89 <i class="bi bi-box-arrow-up-right"></i>\n                                </a>\n                            </li>\n                            <li><i class="bi bi-database"></i> \xe6\x9c\x80\xe4\xbd\x8e\xe8\xb3\x83\xe9\x87\x91\n                                <a href="https://saiteichingin.mhlw.go.jp/table/page_list_nationallist.html" target="_blank" class="text-decoration-none" style="color:green;margin-left: 5px;">\n                                    \xe5\x9c\xb0\xe5\x9f\x9f\xe5\x88\xa5\xe6\x9c\x80\xe4\xbd\x8e\xe8\xb3\x83\xe9\x87\x91\xe5\x85\xa8\xe5\x9b\xbd\xe4\xb8\x80\xe8\xa6\xa7\xef\xbc\x882025.9\xef\xbc\x89 <i class="bi bi-box-arrow-up-right"></i>\n                                </a>\n                            </li>\n                            <li><i class="bi bi-database"></i> \xe9\x83\xbd\xe9\x81\x93\xe5\xba\x9c\xe7\x9c\x8c\n                                <a href="https://nlftp.mlit.go.jp/ksj/gml/codelist/PrefCd.html" target="_blank" class="text-decoration-none" style="color:green;margin-left: 5px;">\n                                    \xe5\x85\xa8\xe5\x9b\xbd\xe5\x9c\xb0\xe6\x96\xb9\xe5\x85\xac\xe5\x85\xb1\xe5\x9b\xa3\xe4\xbd\x93\xe3\x82\xb3\xe3\x83\xbc\xe3\x83\x89\xef\xbc\x88JIS X 0401\xef\xbc\x89 <i class="bi bi-box-arrow-up-right"></i>\n                                </a>\n                            </li>\n                        </ul>\n                    </p>\n\n                </div>\n\n            </div>\n        </div>\n    </div>\n    \n\n\n    </main>\n  </div>\n    </div>\n\n<!-- \xe3\x83\x9a\xe3\x83\xbc\xe3\x82\xb8\xe3\x83\xad\xe3\x82\xb8\xe3\x83\x83\xe3\x82\xaf\xe6\x83\x85\xe5\xa0\xb1\xe3\x83\xa2\xe3\x83\xbc\xe3\x83\x80\xe3\x83\xab -->\n<div class="modal fade" id="logicInfoModal" tabindex="-1" aria-labelledby="logicInfoModalLabel" aria-hidden="true">\n    <div class="modal-dialog modal-lg">\n        <div class="modal-content">\n            <div class="modal-header">\n                <h5 class="modal-title" id="logicInfoModalLabel">\n                    <i class="bi bi-cup-hot me-2"></i>\xe3\x83\x9a\xe3\x83\xbc\xe3\x82\xb8\xe3\x83\xad\xe3\x82\xb8\xe3\x83\x83\xe3\x82\xaf\xe6\x83\x85\xe5\xa0\xb1\n                </h5>\n                <button type="button" class="btn-close" data-bs-dismiss="modal" aria-label="Close"></button>\n            </div>\n            <div class="modal-body" style="background-color: #f0f0f0;">\n                <div id="logic-info-content">\n                    <!-- \xe3\x83\x9a\xe3\x83\xbc\xe3\x82\xb8\xe5\x9b\xba\xe6\x9c\x89\xe3\x81\xae\xe3\x83\xad\xe3\x82\xb8\xe3\x83\x83\xe3\x82\xaf\xe6\x83\x85\xe5\xa0\xb1\xe3\x81\x8c\xe3\x81\x93\xe3\x81\x93\xe3\x81\xab\xe8\xa1\xa8\xe7\xa4\xba\xe3\x81\x95\xe3\x82\x8c\xe3\x82\x8b -->\n                    <p class="text-muted">\xe3\x81\x93\xe3\x81\xae\xe3\x83\x9a\xe3\x83\xbc\xe3\x82\xb8\xe3\x81\xae\xe3\x83\xad\xe3\x82\xb8\xe3\x83\x83\xe3\x82\xaf\xe6\x83\x85\xe5\xa0\xb1\xe3\x81\xaf\xe3\x81\x82\xe3\x82\x8a\xe3\x81\xbe\xe3\x81\x9b\xe3\x82\x93\xe3\x80\x82</p>\n                </div>\n            </div>\n            <div class="modal-footer">\n                <button type="button" class="btn btn-sm btn-secondary" data-bs-dismiss="modal">\xe9\x96\x89\xe3\x81\x98\xe3\x82\x8b</button>\n            </div>\n        </div>\n    </div>\n</div>\n\n    <!-- Bootstrap JS -->\n<script src="/static/js/bootstrap.bundle.min.js"></script>\n\n    <script>\ndocument.addEventListener("DOMContentLoaded", function () {\n    const sidebar = document.getElementById(\'sidebar\');\n    const mainContent = document.getElementById(\'mainContent\');\n    const toggleSidebarBtn = document.getElementById(\'toggleSidebar\');\n    let pinSidebarBtn = null;\n    let pinIcon = null;\n\n    // sessionStorage\xe3\x81\x8b\xe3\x82\x89\xe3\x83\x94\xe3\x83\xb3\xe3\x81\xae\xe7\x8a\xb6\xe6\x85\x8b\xe3\x82\x92\xe8\xaa\xad\xe3\x81\xbf\xe8\xbe\xbc\xe3\x82\x80\xe3\x80\x82\xe3\x83\x87\xe3\x83\x95\xe3\x82\xa9\xe3\x83\xab\xe3\x83\x88\xe3\x81\xaf\xe3\x83\x94\xe3\x83\xb3\xe7\x95\x99\xe3\x82\x81(true)\n    let isMenuPinned = sessionStorage.getItem(\'isMenuPinned\') !== \'false\';\n\n    function closeSidebar() {\n        sidebar.classList.add(\'sidebar-closed\');\n        mainContent.classList.remove(\'col-md-9\', \'col-lg-10\');\n        mainContent.classList.add(\'col-md-12\', \'content-expanded\');\n    }\n\n    function openSidebar() {\n        sidebar.classList.remove(\'sidebar-closed\');\n        mainContent.classList.remove(\'col-md-12\', \'content-expanded\');\n        mainContent.classList.add(\'col-md-9\', \'col-lg-10\');\n    }\n\n    function updateSidebarState() {\n        if (!pinIcon) return;\n\n        if (isMenuPinned) {\n            sidebar.classList.add(\'pinned\');\n            pinIcon.classList.remove(\'bi-pin-angle\');\n            pinIcon.classList.add(\'bi-pin-angle-fill\');\n            pinSidebarBtn.title = \'\xe3\x82\xb5\xe3\x82\xa4\xe3\x83\x89\xe3\x83\x90\xe3\x83\xbc\xe3\x81\xae\xe3\x83\x94\xe3\x83\xb3\xe7\x95\x99\xe3\x82\x81\xe3\x82\x92\xe5\xa4\x96\xe3\x81\x99\';\n            openSidebar();\n        } else {\n            sidebar.classList.remove(\'pinned\');\n            pinIcon.classList.remove(\'bi-pin-angle-fill\');\n            pinIcon.classList.add(\'bi-pin-angle\');\n            pinSidebarBtn.title = \'\xe3\x82\xb5\xe3\x82\xa4\xe3\x83\x89\xe3\x83\x90\xe3\x83\xbc\xe3\x82\x92\xe3\x83\x94\xe3\x83\xb3\xe7\x95\x99\xe3\x82\x81\xe3\x81\x99\xe3\x82\x8b\';\n            closeSidebar();\n        }\n        sessionStorage.setItem(\'isMenuPinned\', isMenuPinned);\n    }\n\n    function createAndPlacePinButton() {\n        const firstTopLevelLink = document.querySelector(\'#sidebar .nav > .nav-item:first-child > .nav-link\');\n        \n        if (firstTopLevelLink) {\n            pinSidebarBtn = document.createElement(\'button\');\n            pinSidebarBtn.className = \'btn btn-sm\';\n            pinSidebarBtn.id = \'pin-sidebar\';\n            \n            pinIcon = document.createElement(\'i\');\n            pinIcon.className = \'bi\';\n            pinSidebarBtn.appendChild(pinIcon);\n            \n            firstTopLevelLink.appendChild(pinSidebarBtn);\n            firstTopLevelLink.classList.add(\'has-pin\');\n\n            pinSidebarBtn.addEventListener(\'click\', function (e) {\n                e.preventDefault();\n                e.stopPropagation();\n                isMenuPinned = !isMenuPinned;\n                updateSidebarState();\n            });\n            \n            updateSidebarState();\n        }\n    }\n\n    toggleSidebarBtn.addEventListener(\'click\', function() {\n        if (!isMenuPinned) {\n            if (sidebar.classList.contains(\'sidebar-closed\')) {\n                openSidebar();\n            } else {\n                closeSidebar();\n            }\n        }\n    });\n    \n    createAndPlacePinButton();\n\n    // \xe5\x88\x9d\xe6\x9c\x9f\xe7\x8a\xb6\xe6\x85\x8b\xe3\x81\xae\xe5\x8f\x8d\xe6\x98\xa0\n    if (isMenuPinned) {\n        openSidebar();\n    } else {\n        closeSidebar();\n    }\n\n    \n});\n    </script>\n<script>\n    function updateWindowWidth() {\n        document.getElementById(\'window-width\').textContent = window.innerWidth;\n    }\n    function updateWindowBreakpoint() {\n        var w = window.innerWidth;\n        var bp = \'\';\n        if (w < 576) bp = \'xs \xef\xbc\x9c576px\';\n        else if (w < 768) bp = \'sm \xe2\x89\xa7576px\';\n        else if (w < 992) bp = \'md \xe2\x89\xa7768px\';\n        else if (w < 1200) bp = \'lg \xe2\x89\xa7992px\';\n        else if (w < 1400) bp = \'xl \xe2\x89\xa71200px\';\n        else bp = \'xxl \xe2\x89\xa71400px\';\n        document.getElementById(\'window-breakpoint\').textContent = bp;\n    }\n    function updateWindowInfo() {\n        updateWindowWidth();\n        updateWindowBreakpoint();\n    }\n    window.addEventListener(\'resize\', updateWindowInfo);\n    window.addEventListener(\'DOMContentLoaded\', updateWindowInfo);\n</script>\n<script>\n    // \xe3\x83\x9a\xe3\x83\xbc\xe3\x82\xb8\xe3\x83\xad\xe3\x82\xb8\xe3\x83\x83\xe3\x82\xaf\xe6\x83\x85\xe5\xa0\xb1\xe3\x81\xae\xe7\xae\xa1\xe7\x90\x86\n    document.addEventListener(\'DOMContentLoaded\', function() {\n        const logicBtn = document.getElementById(\'logic-info-btn\');\n        const logicContent = document.getElementById(\'logic-info-content\');\n        \n        // \xe3\x83\x9a\xe3\x83\xbc\xe3\x82\xb8\xe3\x83\xad\xe3\x82\xb8\xe3\x83\x83\xe3\x82\xaf\xe6\x83\x85\xe5\xa0\xb1\xe3\x81\x8c\xe3\x81\x82\xe3\x82\x8b\xe3\x81\x8b\xe3\x83\x81\xe3\x82\xa7\xe3\x83\x83\xe3\x82\xaf\n        function checkLogicInfo() {\n            // \xe3\x82\xab\xe3\x82\xb9\xe3\x82\xbf\xe3\x83\xa0\xe3\x82\xa4\xe3\x83\x99\xe3\x83\xb3\xe3\x83\x88\xe3\x81\xa7\xe3\x83\x9a\xe3\x83\xbc\xe3\x82\xb8\xe3\x81\x8b\xe3\x82\x89\xe3\x83\xad\xe3\x82\xb8\xe3\x83\x83\xe3\x82\xaf\xe6\x83\x85\xe5\xa0\xb1\xe3\x81\xae\xe6\x9c\x89\xe7\x84\xa1\xe3\x82\x92\xe9\x80\x9a\xe7\x9f\xa5\n            const hasLogic = document.body.hasAttribute(\'data-has-logic\');\n            \n            if (hasLogic) {\n                logicBtn.className = \'bi bi-cup-hot\';\n                logicBtn.title = \'\xe3\x83\x9a\xe3\x83\xbc\xe3\x82\xb8\xe3\x83\xad\xe3\x82\xb8\xe3\x83\x83\xe3\x82\xaf\xe6\x83\x85\xe5\xa0\xb1\xef\xbc\x88\xe3\x81\x82\xe3\x82\x8a\xef\xbc\x89\';\n            } else {\n                logicBtn.className = \'bi bi-cup\';\n                logicBtn.title = \'\xe3\x83\x9a\xe3\x83\xbc\xe3\x82\xb8\xe3\x83\xad\xe3\x82\xb8\xe3\x83\x83\xe3\x82\xaf\xe6\x83\x85\xe5\xa0\xb1\xef\xbc\x88\xe3\x81\xaa\xe3\x81\x97\xef\xbc\x89\';\n                // \xe3\x83\x87\xe3\x83\x95\xe3\x82\xa9\xe3\x83\xab\xe3\x83\x88\xe3\x83\xa1\xe3\x83\x83\xe3\x82\xbb\xe3\x83\xbc\xe3\x82\xb8\xe3\x82\x92\xe8\xa8\xad\xe5\xae\x9a\n                if (logicContent) {\n                    logicContent.innerHTML = \'<p class="text-muted">\xe3\x81\x93\xe3\x81\xae\xe3\x83\x9a\xe3\x83\xbc\xe3\x82\xb8\xe3\x81\xae\xe3\x83\xad\xe3\x82\xb8\xe3\x83\x83\xe3\x82\xaf\xe6\x83\x85\xe5\xa0\xb1\xe3\x81\xaf\xe3\x81\x82\xe3\x82\x8a\xe3\x81\xbe\xe3\x81\x9b\xe3\x82\x93\xe3\x80\x82</p>\';\n                }\n            }\n        }\n        \n        // \xe5\x88\x9d\xe6\x9c\x9f\xe3\x83\x81\xe3\x82\xa7\xe3\x83\x83\xe3\x82\xaf\n        checkLogicInfo();\n        \n        // \xe3\x83\x9a\xe3\x83\xbc\xe3\x82\xb8\xe3\x83\xad\xe3\x82\xb8\xe3\x83\x83\xe3\x82\xaf\xe6\x83\x85\xe5\xa0\xb1\xe3\x81\x8c\xe8\xa8\xad\xe5\xae\x9a\xe3\x81\x95\xe3\x82\x8c\xe3\x81\x9f\xe3\x81\xa8\xe3\x81\x8d\xe3\x81\xae\xe3\x82\xa4\xe3\x83\x99\xe3\x83\xb3\xe3\x83\x88\xe3\x83\xaa\xe3\x82\xb9\xe3\x83\x8a\xe3\x83\xbc\n        document.addEventListener(\'logicInfoSet\', checkLogicInfo);\n    });\n</script>\n<script>\n  //\xe3\x83\x84\xe3\x83\xbc\xe3\x83\xab\xe3\x83\x81\xe3\x83\x83\xe3\x83\x97\xe3\x82\x92\xe4\xb8\x8a\xe3\x81\xab\xe5\x87\xba\xe3\x81\x99\n  var tooltipTriggerList = [].slice.call(document.querySelectorAll(\'[data-bs-toggle="tooltip"]\'))\n  var tooltipList = tooltipTriggerList.map(function (tooltipTriggerEl) {\n    return new bootstrap.Tooltip(tooltipTriggerEl)\n  })\n</script>\n\n<script>\n    // \xe9\x80\x9a\xe7\x9f\xa5\xe6\x9c\xaa\xe8\xaa\xad\xe6\x95\xb0\xe3\x82\x92\xe6\x9b\xb4\xe6\x96\xb0\xe3\x81\x99\xe3\x82\x8b\xe9\x96\xa2\xe6\x95\xb0\n    function updateNotificationCount() {\n        fetch(\'/system/notifications/count/\')\n            .then(response => response.json())\n            .then(data => {\n                const badge = document.getElementById(\'notification-badge\');\n                if (data.unread_count > 0) {\n                    badge.textContent = data.unread_count;\n                    badge.style.display = \'inline-block\';\n                } else {\n                    badge.style.display = \'none\';\n                }\n            })\n            .catch(error => console.error(\'\xe9\x80\x9a\xe7\x9f\xa5\xe6\x95\xb0\xe3\x81\xae\xe5\x8f\x96\xe5\xbe\x97\xe3\x81\xab\xe5\xa4\xb1\xe6\x95\x97\xe3\x81\x97\xe3\x81\xbe\xe3\x81\x97\xe3\x81\x9f:\', error));\n    }\n    \n    // \xe3\x83\x9a\xe3\x83\xbc\xe3\x82\xb8\xe8\xaa\xad\xe3\x81\xbf\xe8\xbe\xbc\xe3\x81\xbf\xe6\x99\x82\xe3\x81\xab\xe5\xae\x9f\xe8\xa1\x8c\n    document.addEventListener(\'DOMContentLoaded\', function() {\n        updateNotificationCount();\n    });\n</script>\n\n<script src="/static/js/copy-to-clipboard.js"></script>\n\n</body>\n</html>\n\n\n'

----------------------------------------------------------------------
Ran 3 tests in 5.420s

FAILED (failures=1)
Destroying test database for alias 'default'...
Found 3 test(s).
System check identified no issues (0 silenced).
